Component: ARM Compiler 5.06 update 6 (build 750) Tool: armlink [4d35ed]

==============================================================================

Section Cross References

    startup_rvmdk.o(STACK) refers (Special) to heapauxi.o(.text) for __use_two_region_memory
    startup_rvmdk.o(HEAP) refers (Special) to heapauxi.o(.text) for __use_two_region_memory
    startup_rvmdk.o(RESET) refers (Special) to heapauxi.o(.text) for __use_two_region_memory
    startup_rvmdk.o(RESET) refers to startup_rvmdk.o(STACK) for StackMem
    startup_rvmdk.o(RESET) refers to main.o(i.Timer1A_Handler) for Timer1A_Handler
    startup_rvmdk.o(RESET) refers to main.o(i.ADC1_Handler) for ADC1_Handler
    startup_rvmdk.o(RESET) refers to __main.o(!!!main) for __main
    startup_rvmdk.o(.text) refers (Special) to heapauxi.o(.text) for __use_two_region_memory
    startup_rvmdk.o(.text) refers to startup_rvmdk.o(HEAP) for HeapMem
    startup_rvmdk.o(.text) refers to startup_rvmdk.o(STACK) for StackMem
    main.o(i.ADC1_Handler) refers to _printf_percent.o(.ARM.Collect$$_printf_percent$$00000000) for _printf_percent
    main.o(i.ADC1_Handler) refers to _printf_d.o(.ARM.Collect$$_printf_percent$$00000009) for _printf_d
    main.o(i.ADC1_Handler) refers to _printf_dec.o(.text) for _printf_int_dec
    main.o(i.ADC1_Handler) refers to adc.o(i.ADCIntClear) for ADCIntClear
    main.o(i.ADC1_Handler) refers to adc.o(i.ADCSequenceDataGet) for ADCSequenceDataGet
    main.o(i.ADC1_Handler) refers to noretval__2sprintf.o(.text) for __2sprintf
    main.o(i.ADC1_Handler) refers to main.o(i.UART_OutString) for UART_OutString
    main.o(i.ADC1_Handler) refers to main.o(.bss) for r
    main.o(i.ADC1_Handler) refers to main.o(.data) for counter
    main.o(i.Init_ADC) refers to sysctl.o(i.SysCtlPeripheralEnable) for SysCtlPeripheralEnable
    main.o(i.Init_ADC) refers to gpio.o(i.GPIOPinTypeADC) for GPIOPinTypeADC
    main.o(i.Init_ADC) refers to adc.o(i.ADCSequenceDisable) for ADCSequenceDisable
    main.o(i.Init_ADC) refers to adc.o(i.ADCSequenceConfigure) for ADCSequenceConfigure
    main.o(i.Init_ADC) refers to adc.o(i.ADCSequenceStepConfigure) for ADCSequenceStepConfigure
    main.o(i.Init_ADC) refers to interrupt.o(i.IntPrioritySet) for IntPrioritySet
    main.o(i.Init_ADC) refers to interrupt.o(i.IntEnable) for IntEnable
    main.o(i.Init_ADC) refers to adc.o(i.ADCIntEnableEx) for ADCIntEnableEx
    main.o(i.Init_ADC) refers to timer.o(i.TimerConfigure) for TimerConfigure
    main.o(i.Init_ADC) refers to timer.o(i.TimerLoadSet) for TimerLoadSet
    main.o(i.Init_ADC) refers to timer.o(i.TimerControlTrigger) for TimerControlTrigger
    main.o(i.Init_ADC) refers to timer.o(i.TimerEnable) for TimerEnable
    main.o(i.Init_ADC) refers to adc.o(i.ADCSequenceEnable) for ADCSequenceEnable
    main.o(i.Init_ADC) refers to adc.o(i.ADCIntClear) for ADCIntClear
    main.o(i.Init_Buttons) refers to sysctl.o(i.SysCtlPeripheralEnable) for SysCtlPeripheralEnable
    main.o(i.Init_Buttons) refers to gpio.o(i.GPIOPinTypeGPIOOutput) for GPIOPinTypeGPIOOutput
    main.o(i.Init_Buttons) refers to gpio.o(i.GPIOPinTypeGPIOInput) for GPIOPinTypeGPIOInput
    main.o(i.Init_Buttons) refers to gpio.o(i.GPIOPinWrite) for GPIOPinWrite
    main.o(i.Init_Timer) refers to sysctl.o(i.SysCtlPeripheralEnable) for SysCtlPeripheralEnable
    main.o(i.Init_Timer) refers to timer.o(i.TimerConfigure) for TimerConfigure
    main.o(i.Init_Timer) refers to timer.o(i.TimerLoadSet) for TimerLoadSet
    main.o(i.Init_Timer) refers to interrupt.o(i.IntPrioritySet) for IntPrioritySet
    main.o(i.Init_Timer) refers to interrupt.o(i.IntEnable) for IntEnable
    main.o(i.Init_Timer) refers to timer.o(i.TimerIntEnable) for TimerIntEnable
    main.o(i.Init_Timer) refers to timer.o(i.TimerEnable) for TimerEnable
    main.o(i.Init_UART) refers to sysctl.o(i.SysCtlPeripheralEnable) for SysCtlPeripheralEnable
    main.o(i.Init_UART) refers to gpio.o(i.GPIOPinConfigure) for GPIOPinConfigure
    main.o(i.Init_UART) refers to gpio.o(i.GPIOPinTypeUART) for GPIOPinTypeUART
    main.o(i.Init_UART) refers to sysctl.o(i.SysCtlClockGet) for SysCtlClockGet
    main.o(i.Init_UART) refers to uart.o(i.UARTConfigSetExpClk) for UARTConfigSetExpClk
    main.o(i.Timer1A_Handler) refers to _printf_percent.o(.ARM.Collect$$_printf_percent$$00000000) for _printf_percent
    main.o(i.Timer1A_Handler) refers to _printf_d.o(.ARM.Collect$$_printf_percent$$00000009) for _printf_d
    main.o(i.Timer1A_Handler) refers to _printf_dec.o(.text) for _printf_int_dec
    main.o(i.Timer1A_Handler) refers to timer.o(i.TimerIntClear) for TimerIntClear
    main.o(i.Timer1A_Handler) refers to rt_memcpy_w.o(.text) for __aeabi_memcpy4
    main.o(i.Timer1A_Handler) refers to rt_memclr_w.o(.text) for __aeabi_memclr4
    main.o(i.Timer1A_Handler) refers to dflt_clz.o(x$fpl$dfltu) for __aeabi_ui2d
    main.o(i.Timer1A_Handler) refers to daddsub_clz.o(x$fpl$dadd) for __aeabi_dadd
[...]
    dmul.o(x$fpl$dmul) refers to dnaninf.o(x$fpl$dnaninf) for __fpl_dnaninf
    drleqf.o(x$fpl$drleqf) refers (Special) to usenofp.o(x$fpl$usenofp) for __I$use$fp
    drleqf.o(x$fpl$drleqf) refers to dleqf.o(x$fpl$dleqf) for __fpl_dcmple_InfNaN
    __rtentry.o(.ARM.Collect$$rtentry$$00000000) refers (Special) to __rtentry2.o(.ARM.Collect$$rtentry$$0000000A) for __rt_entry_li
    __rtentry.o(.ARM.Collect$$rtentry$$00000000) refers (Special) to __rtentry2.o(.ARM.Collect$$rtentry$$0000000D) for __rt_entry_main
    __rtentry.o(.ARM.Collect$$rtentry$$00000000) refers (Special) to __rtentry2.o(.ARM.Collect$$rtentry$$0000000C) for __rt_entry_postli_1
    __rtentry.o(.ARM.Collect$$rtentry$$00000000) refers (Special) to __rtentry2.o(.ARM.Collect$$rtentry$$00000009) for __rt_entry_postsh_1
    __rtentry.o(.ARM.Collect$$rtentry$$00000000) refers (Special) to __rtentry2.o(.ARM.Collect$$rtentry$$00000002) for __rt_entry_presh_1
    __rtentry.o(.ARM.Collect$$rtentry$$00000000) refers (Special) to __rtentry4.o(.ARM.Collect$$rtentry$$00000004) for __rt_entry_sh
    _printf_char_common.o(.text) refers to __printf.o(.text) for __printf
    dleqf.o(x$fpl$dleqf) refers (Special) to usenofp.o(x$fpl$usenofp) for __I$use$fp
    dleqf.o(x$fpl$dleqf) refers to dnaninf.o(x$fpl$dnaninf) for __fpl_dnaninf
    dleqf.o(x$fpl$dleqf) refers to dcmpi.o(x$fpl$dcmpinf) for __fpl_dcmp_Inf
    dnaninf.o(x$fpl$dnaninf) refers (Special) to usenofp.o(x$fpl$usenofp) for __I$use$fp
    dretinf.o(x$fpl$dretinf) refers (Special) to usenofp.o(x$fpl$usenofp) for __I$use$fp
    __rtentry2.o(.ARM.Collect$$rtentry$$00000008) refers to boardinit2.o(.text) for _platform_post_stackheap_init
    __rtentry2.o(.ARM.Collect$$rtentry$$0000000A) refers to libinit.o(.ARM.Collect$$libinit$$00000000) for __rt_lib_init
    __rtentry2.o(.ARM.Collect$$rtentry$$0000000B) refers to boardinit3.o(.text) for _platform_post_lib_init
    __rtentry2.o(.ARM.Collect$$rtentry$$0000000D) refers to main.o(i.main) for main
    __rtentry2.o(.ARM.Collect$$rtentry$$0000000D) refers to exit.o(.text) for exit
    __rtentry2.o(.ARM.exidx) refers to __rtentry2.o(.ARM.Collect$$rtentry$$00000001) for .ARM.Collect$$rtentry$$00000001
    __rtentry2.o(.ARM.exidx) refers to __rtentry2.o(.ARM.Collect$$rtentry$$00000008) for .ARM.Collect$$rtentry$$00000008
    __rtentry2.o(.ARM.exidx) refers to __rtentry2.o(.ARM.Collect$$rtentry$$0000000A) for .ARM.Collect$$rtentry$$0000000A
    __rtentry2.o(.ARM.exidx) refers to __rtentry2.o(.ARM.Collect$$rtentry$$0000000B) for .ARM.Collect$$rtentry$$0000000B
    __rtentry2.o(.ARM.exidx) refers to __rtentry2.o(.ARM.Collect$$rtentry$$0000000D) for .ARM.Collect$$rtentry$$0000000D
    __rtentry4.o(.ARM.Collect$$rtentry$$00000004) refers to sys_stackheap_outer.o(.text) for __user_setup_stackheap
    __rtentry4.o(.ARM.exidx) refers to __rtentry4.o(.ARM.Collect$$rtentry$$00000004) for .ARM.Collect$$rtentry$$00000004
    dcmpi.o(x$fpl$dcmpinf) refers (Special) to usenofp.o(x$fpl$usenofp) for __I$use$fp
    sys_stackheap_outer.o(.text) refers to libspace.o(.text) for __user_perproc_libspace
    sys_stackheap_outer.o(.text) refers to startup_rvmdk.o(.text) for __user_initial_stackheap
    exit.o(.text) refers to rtexit.o(.ARM.Collect$$rtexit$$00000000) for __rt_exit
    libinit.o(.ARM.Collect$$libinit$$00000000) refers (Special) to libinit2.o(.ARM.Collect$$libinit$$0000002E) for __rt_lib_init_alloca_1
    libinit.o(.ARM.Collect$$libinit$$00000000) refers (Special) to libinit2.o(.ARM.Collect$$libinit$$0000002C) for __rt_lib_init_argv_1
    libinit.o(.ARM.Collect$$libinit$$00000000) refers (Special) to libinit2.o(.ARM.Collect$$libinit$$0000001B) for __rt_lib_init_atexit_1
    libinit.o(.ARM.Collect$$libinit$$00000000) refers (Special) to libinit2.o(.ARM.Collect$$libinit$$00000021) for __rt_lib_init_clock_1
    libinit.o(.ARM.Collect$$libinit$$00000000) refers (Special) to libinit2.o(.ARM.Collect$$libinit$$00000032) for __rt_lib_init_cpp_1
    libinit.o(.ARM.Collect$$libinit$$00000000) refers (Special) to libinit2.o(.ARM.Collect$$libinit$$00000030) for __rt_lib_init_exceptions_1
    libinit.o(.ARM.Collect$$libinit$$00000000) refers (Special) to libinit2.o(.ARM.Collect$$libinit$$00000001) for __rt_lib_init_fp_1
    libinit.o(.ARM.Collect$$libinit$$00000000) refers (Special) to libinit2.o(.ARM.Collect$$libinit$$0000001F) for __rt_lib_init_fp_trap_1
    libinit.o(.ARM.Collect$$libinit$$00000000) refers (Special) to libinit2.o(.ARM.Collect$$libinit$$00000023) for __rt_lib_init_getenv_1
    libinit.o(.ARM.Collect$$libinit$$00000000) refers (Special) to libinit2.o(.ARM.Collect$$libinit$$0000000A) for __rt_lib_init_heap_1
    libinit.o(.ARM.Collect$$libinit$$00000000) refers (Special) to libinit2.o(.ARM.Collect$$libinit$$00000011) for __rt_lib_init_lc_collate_1
    libinit.o(.ARM.Collect$$libinit$$00000000) refers (Special) to libinit2.o(.ARM.Collect$$libinit$$00000013) for __rt_lib_init_lc_ctype_1
    libinit.o(.ARM.Collect$$libinit$$00000000) refers (Special) to libinit2.o(.ARM.Collect$$libinit$$00000015) for __rt_lib_init_lc_monetary_1
    libinit.o(.ARM.Collect$$libinit$$00000000) refers (Special) to libinit2.o(.ARM.Collect$$libinit$$00000017) for __rt_lib_init_lc_numeric_1
    libinit.o(.ARM.Collect$$libinit$$00000000) refers (Special) to libinit2.o(.ARM.Collect$$libinit$$00000019) for __rt_lib_init_lc_time_1
    libinit.o(.ARM.Collect$$libinit$$00000000) refers (Special) to libinit2.o(.ARM.Collect$$libinit$$00000004) for __rt_lib_init_preinit_1
    libinit.o(.ARM.Collect$$libinit$$00000000) refers (Special) to libinit2.o(.ARM.Collect$$libinit$$0000000E) for __rt_lib_init_rand_1
    libinit.o(.ARM.Collect$$libinit$$00000000) refers (Special) to libinit2.o(.ARM.Collect$$libinit$$00000033) for __rt_lib_init_return
    libinit.o(.ARM.Collect$$libinit$$00000000) refers (Special) to libinit2.o(.ARM.Collect$$libinit$$0000001D) for __rt_lib_init_signal_1
    libinit.o(.ARM.Collect$$libinit$$00000000) refers (Special) to libinit2.o(.ARM.Collect$$libinit$$00000025) for __rt_lib_init_stdio_1
    libinit.o(.ARM.Collect$$libinit$$00000000) refers (Special) to libinit2.o(.ARM.Collect$$libinit$$0000000C) for __rt_lib_init_user_alloc_1
    libspace.o(.text) refers to libspace.o(.bss) for __libspace_start
    rtexit.o(.ARM.Collect$$rtexit$$00000000) refers (Special) to rtexit2.o(.ARM.Collect$$rtexit$$00000004) for __rt_exit_exit
    rtexit.o(.ARM.Collect$$rtexit$$00000000) refers (Special) to rtexit2.o(.ARM.Collect$$rtexit$$00000003) for __rt_exit_ls
    rtexit.o(.ARM.Collect$$rtexit$$00000000) refers (Special) to rtexit2.o(.ARM.Collect$$rtexit$$00000002) for __rt_exit_prels_1
    rtexit.o(.ARM.exidx) refers (Special) to rtexit2.o(.ARM.Collect$$rtexit$$00000004) for __rt_exit_exit
    rtexit.o(.ARM.exidx) refers (Special) to rtexit2.o(.ARM.Collect$$rtexit$$00000003) for __rt_exit_ls
    rtexit.o(.ARM.exidx) refers (Special) to rtexit2.o(.ARM.Collect$$rtexit$$00000002) for __rt_exit_prels_1
    rtexit.o(.ARM.exidx) refers to rtexit.o(.ARM.Collect$$rtexit$$00000000) for .ARM.Collect$$rtexit$$00000000
    libinit2.o(.ARM.Collect$$libinit$$00000001) refers to fpinit.o(x$fpl$fpinit) for _fp_init
    libinit2.o(.ARM.Collect$$libinit$$00000010) refers to libinit2.o(.ARM.Collect$$libinit$$0000000F) for .ARM.Collect$$libinit$$0000000F
    libinit2.o(.ARM.Collect$$libinit$$00000012) refers to libinit2.o(.ARM.Collect$$libinit$$0000000F) for .ARM.Collect$$libinit$$0000000F
    libinit2.o(.ARM.Collect$$libinit$$00000014) refers to libinit2.o(.ARM.Collect$$libinit$$0000000F) for .ARM.Collect$$libinit$$0000000F
    libinit2.o(.ARM.Collect$$libinit$$00000016) refers to libinit2.o(.ARM.Collect$$libinit$$0000000F) for .ARM.Collect$$libinit$$0000000F
    libinit2.o(.ARM.Collect$$libinit$$00000018) refers to libinit2.o(.ARM.Collect$$libinit$$0000000F) for .ARM.Collect$$libinit$$0000000F
    libinit2.o(.ARM.Collect$$libinit$$00000026) refers to argv_veneer.o(.emb_text) for __ARM_argv_veneer
    libinit2.o(.ARM.Collect$$libinit$$00000027) refers to argv_veneer.o(.emb_text) for __ARM_argv_veneer
    rtexit2.o(.ARM.Collect$$rtexit$$00000003) refers to libshutdown.o(.ARM.Collect$$libshutdown$$00000000) for __rt_lib_shutdown
    rtexit2.o(.ARM.Collect$$rtexit$$00000004) refers to sys_exit.o(.text) for _sys_exit
    rtexit2.o(.ARM.exidx) refers to rtexit2.o(.ARM.Collect$$rtexit$$00000001) for .ARM.Collect$$rtexit$$00000001
    rtexit2.o(.ARM.exidx) refers to rtexit2.o(.ARM.Collect$$rtexit$$00000003) for .ARM.Collect$$rtexit$$00000003
    rtexit2.o(.ARM.exidx) refers to rtexit2.o(.ARM.Collect$$rtexit$$00000004) for .ARM.Collect$$rtexit$$00000004
    argv_veneer.o(.emb_text) refers to no_argv.o(.text) for __ARM_get_argv
    sys_exit.o(.text) refers (Special) to use_no_semi.o(.text) for __I$use$semihosting
    sys_exit.o(.text) refers (Special) to indicate_semi.o(.text) for __semihosting_library_function
    _get_argv_nomalloc.o(.text) refers (Special) to hrguard.o(.text) for __heap_region$guard
    _get_argv_nomalloc.o(.text) refers to defsig_rtmem_outer.o(.text) for __rt_SIGRTMEM
    _get_argv_nomalloc.o(.text) refers to sys_command.o(.text) for _sys_command_string
    libshutdown.o(.ARM.Collect$$libshutdown$$00000000) refers (Special) to libshutdown2.o(.ARM.Collect$$libshutdown$$00000002) for __rt_lib_shutdown_cpp_1
    libshutdown.o(.ARM.Collect$$libshutdown$$00000000) refers (Special) to libshutdown2.o(.ARM.Collect$$libshutdown$$00000007) for __rt_lib_shutdown_fp_trap_1
    libshutdown.o(.ARM.Collect$$libshutdown$$00000000) refers (Special) to libshutdown2.o(.ARM.Collect$$libshutdown$$0000000F) for __rt_lib_shutdown_heap_1
    libshutdown.o(.ARM.Collect$$libshutdown$$00000000) refers (Special) to libshutdown2.o(.ARM.Collect$$libshutdown$$00000010) for __rt_lib_shutdown_return
    libshutdown.o(.ARM.Collect$$libshutdown$$00000000) refers (Special) to libshutdown2.o(.ARM.Collect$$libshutdown$$0000000A) for __rt_lib_shutdown_signal_1
    libshutdown.o(.ARM.Collect$$libshutdown$$00000000) refers (Special) to libshutdown2.o(.ARM.Collect$$libshutdown$$00000004) for __rt_lib_shutdown_stdio_1
    libshutdown.o(.ARM.Collect$$libshutdown$$00000000) refers (Special) to libshutdown2.o(.ARM.Collect$$libshutdown$$0000000C) for __rt_lib_shutdown_user_alloc_1
    sys_command.o(.text) refers (Special) to use_no_semi.o(.text) for __I$use$semihosting
    sys_command.o(.text) refers (Special) to indicate_semi.o(.text) for __semihosting_library_function
    defsig_rtmem_outer.o(.text) refers to defsig_rtmem_inner.o(.text) for __rt_SIGRTMEM_inner
    defsig_rtmem_outer.o(.text) refers to defsig_exit.o(.text) for __sig_exit
    defsig_rtmem_formal.o(.text) refers to rt_raise.o(.text) for __rt_raise
    rt_raise.o(.text) refers to __raise.o(.text) for __raise
    rt_raise.o(.text) refers to sys_exit.o(.text) for _sys_exit
    defsig_exit.o(.text) refers to sys_exit.o(.text) for _sys_exit
    defsig_rtmem_inner.o(.text) refers to defsig_general.o(.text) for __default_signal_display
    __raise.o(.text) refers to defsig.o(CL$$defsig) for __default_signal_handler
    defsig_general.o(.text) refers to sys_wrch.o(.text) for _ttywrch
    sys_wrch.o(.text) refers (Special) to use_no_semi.o(.text) for __I$use$semihosting
    sys_wrch.o(.text) refers (Special) to indicate_semi.o(.text) for __semihosting_library_function
    defsig.o(CL$$defsig) refers to defsig_rtmem_inner.o(.text) for __rt_SIGRTMEM_inner
    defsig_abrt_inner.o(.text) refers to defsig_general.o(.text) for __default_signal_display
    defsig_fpe_inner.o(.text) refers to defsig_general.o(.text) for __default_signal_display
    defsig_rtred_inner.o(.text) refers to defsig_general.o(.text) for __default_signal_display
    defsig_stak_inner.o(.text) refers to defsig_general.o(.text) for __default_signal_display
    defsig_pvfn_inner.o(.text) refers to defsig_general.o(.text) for __default_signal_display
    defsig_cppl_inner.o(.text) refers to defsig_general.o(.text) for __default_signal_display
    defsig_segv_inner.o(.text) refers to defsig_general.o(.text) for __default_signal_display
    defsig_other.o(.text) refers to defsig_general.o(.text) for __default_signal_display


==============================================================================

Removing Unused input sections from the image.

    Removing main.o(i.UARTStdioConfig), (80 bytes).
    Removing main.o(i.UARTgetc), (20 bytes).
    Removing main.o(i.UARTgets), (144 bytes).
    Removing main.o(i.UARTprintf), (26 bytes).
    Removing main.o(i.UARTvprintf), (592 bytes).
    Removing main.o(i.UARTwrite), (52 bytes).
    Removing main.o(.constdata), (28 bytes).
    Removing main.o(.conststring), (17 bytes).
    Removing adc.o(i.ADCBusy), (8 bytes).
    Removing adc.o(i.ADCClockConfigGet), (32 bytes).
    Removing adc.o(i.ADCClockConfigSet), (28 bytes).
    Removing adc.o(i.ADCComparatorConfigure), (10 bytes).
    Removing adc.o(i.ADCComparatorIntClear), (4 bytes).
    Removing adc.o(i.ADCComparatorIntDisable), (18 bytes).
    Removing adc.o(i.ADCComparatorIntEnable), (16 bytes).
    Removing adc.o(i.ADCComparatorIntStatus), (4 bytes).
    Removing adc.o(i.ADCComparatorRegionSet), (14 bytes).
    Removing adc.o(i.ADCComparatorReset), (40 bytes).
    Removing adc.o(i.ADCHardwareOversampleConfigure), (18 bytes).
    Removing adc.o(i.ADCIntClearEx), (4 bytes).
    Removing adc.o(i.ADCIntDisable), (16 bytes).
    Removing adc.o(i.ADCIntDisableEx), (10 bytes).
    Removing adc.o(i.ADCIntEnable), (16 bytes).
    Removing adc.o(i.ADCIntRegister), (104 bytes).
    Removing adc.o(i.ADCIntStatus), (52 bytes).
    Removing adc.o(i.ADCIntStatusEx), (22 bytes).
    Removing adc.o(i.ADCIntUnregister), (108 bytes).
    Removing adc.o(i.ADCPhaseDelayGet), (4 bytes).
    Removing adc.o(i.ADCPhaseDelaySet), (4 bytes).
    Removing adc.o(i.ADCProcessorTrigger), (26 bytes).
    Removing adc.o(i.ADCReferenceGet), (8 bytes).
    Removing adc.o(i.ADCReferenceSet), (12 bytes).
    Removing adc.o(i.ADCSequenceDMADisable), (18 bytes).
    Removing adc.o(i.ADCSequenceDMAEnable), (16 bytes).
    Removing adc.o(i.ADCSequenceOverflow), (12 bytes).
    Removing adc.o(i.ADCSequenceOverflowClear), (10 bytes).
    Removing adc.o(i.ADCSequenceUnderflow), (12 bytes).
    Removing adc.o(i.ADCSequenceUnderflowClear), (10 bytes).
    Removing adc.o(i.ADCSoftwareOversampleConfigure), (44 bytes).
    Removing adc.o(i.ADCSoftwareOversampleDataGet), (88 bytes).
    Removing adc.o(i.ADCSoftwareOversampleStepConfigure), (168 bytes).
    Removing adc.o(.data), (6 bytes).
    Removing gpio.o(i.GPIOADCTriggerDisable), (14 bytes).
    Removing gpio.o(i.GPIOADCTriggerEnable), (12 bytes).
    Removing gpio.o(i.GPIODMATriggerDisable), (14 bytes).
    Removing gpio.o(i.GPIODMATriggerEnable), (12 bytes).
    Removing gpio.o(i.GPIODirModeGet), (34 bytes).
    Removing gpio.o(i.GPIOIntClear), (6 bytes).
    Removing gpio.o(i.GPIOIntDisable), (14 bytes).
    Removing gpio.o(i.GPIOIntEnable), (12 bytes).
    Removing gpio.o(i.GPIOIntRegister), (26 bytes).
    Removing gpio.o(i.GPIOIntRegisterPin), (30 bytes).
    Removing gpio.o(i.GPIOIntStatus), (14 bytes).
    Removing gpio.o(i.GPIOIntTypeGet), (68 bytes).
    Removing gpio.o(i.GPIOIntTypeSet), (80 bytes).
    Removing gpio.o(i.GPIOIntUnregister), (22 bytes).
    Removing gpio.o(i.GPIOIntUnregisterPin), (26 bytes).
    Removing gpio.o(i.GPIOPadConfigGet), (204 bytes).
    Removing gpio.o(i.GPIOPinTypeCAN), (28 bytes).
    Removing gpio.o(i.GPIOPinTypeComparator), (28 bytes).
    Removing gpio.o(i.GPIOPinTypeComparatorOutput), (28 bytes).
    Removing gpio.o(i.GPIOPinTypeDIVSCLK), (28 bytes).
    Removing gpio.o(i.GPIOPinTypeEPI), (28 bytes).
    Removing gpio.o(i.GPIOPinTypeEthernetLED), (28 bytes).
    Removing gpio.o(i.GPIOPinTypeEthernetMII), (28 bytes).
    Removing gpio.o(i.GPIOPinTypeGPIOOutputOD), (28 bytes).
    Removing gpio.o(i.GPIOPinTypeHibernateRTCCLK), (28 bytes).
    Removing gpio.o(i.GPIOPinTypeI2C), (28 bytes).
    Removing gpio.o(i.GPIOPinTypeI2CSCL), (28 bytes).
    Removing gpio.o(i.GPIOPinTypeLCD), (28 bytes).
    Removing gpio.o(i.GPIOPinTypeOneWire), (28 bytes).
    Removing gpio.o(i.GPIOPinTypePWM), (28 bytes).
    Removing gpio.o(i.GPIOPinTypeQEI), (28 bytes).
    Removing gpio.o(i.GPIOPinTypeSSI), (28 bytes).
    Removing gpio.o(i.GPIOPinTypeTimer), (28 bytes).
    Removing gpio.o(i.GPIOPinTypeTrace), (28 bytes).
    Removing gpio.o(i.GPIOPinTypeUSBAnalog), (28 bytes).
    Removing gpio.o(i.GPIOPinTypeUSBDigital), (28 bytes).
    Removing gpio.o(i.GPIOPinTypeWakeHigh), (30 bytes).
    Removing gpio.o(i.GPIOPinTypeWakeLow), (30 bytes).
    Removing gpio.o(i.GPIOPinWakeStatus), (6 bytes).
    Removing gpio.o(i._GPIOIntNumberGet), (80 bytes).
    Removing interrupt.o(i.IntDisable), (100 bytes).
    Removing interrupt.o(i.IntIsEnabled), (96 bytes).
    Removing interrupt.o(i.IntMasterDisable), (14 bytes).
    Removing interrupt.o(i.IntPendClear), (68 bytes).
    Removing interrupt.o(i.IntPendSet), (84 bytes).
    Removing interrupt.o(i.IntPriorityGet), (28 bytes).
    Removing interrupt.o(i.IntPriorityGroupingGet), (36 bytes).
    Removing interrupt.o(i.IntPriorityMaskGet), (4 bytes).
    Removing interrupt.o(i.IntPriorityMaskSet), (4 bytes).
    Removing interrupt.o(i.IntRegister), (52 bytes).
    Removing interrupt.o(i.IntTrigger), (12 bytes).
    Removing interrupt.o(i.IntUnregister), (20 bytes).
    Removing interrupt.o(i._IntDefaultHandler), (2 bytes).
    Removing interrupt.o(vtable), (620 bytes).
    Removing sysctl.o(i.SysCtlAltClkConfig), (12 bytes).
    Removing sysctl.o(i.SysCtlClockFreqSet), (748 bytes).
    Removing sysctl.o(i.SysCtlClockOutConfig), (20 bytes).
    Removing sysctl.o(i.SysCtlDeepSleep), (32 bytes).
    Removing sysctl.o(i.SysCtlDeepSleepClockConfigSet), (112 bytes).
    Removing sysctl.o(i.SysCtlDeepSleepClockSet), (12 bytes).
    Removing sysctl.o(i.SysCtlDeepSleepPowerSet), (12 bytes).
    Removing sysctl.o(i.SysCtlFlashSectorSizeGet), (56 bytes).
    Removing sysctl.o(i.SysCtlFlashSizeGet), (56 bytes).
    Removing sysctl.o(i.SysCtlGPIOAHBDisable), (28 bytes).
    Removing sysctl.o(i.SysCtlGPIOAHBEnable), (24 bytes).
    Removing sysctl.o(i.SysCtlIntClear), (12 bytes).
    Removing sysctl.o(i.SysCtlIntDisable), (16 bytes).
    Removing sysctl.o(i.SysCtlIntEnable), (16 bytes).
    Removing sysctl.o(i.SysCtlIntRegister), (20 bytes).
    Removing sysctl.o(i.SysCtlIntStatus), (16 bytes).
    Removing sysctl.o(i.SysCtlIntUnregister), (18 bytes).
    Removing sysctl.o(i.SysCtlLDODeepSleepGet), (12 bytes).
    Removing sysctl.o(i.SysCtlLDODeepSleepSet), (12 bytes).
    Removing sysctl.o(i.SysCtlLDOSleepGet), (12 bytes).
    Removing sysctl.o(i.SysCtlLDOSleepSet), (12 bytes).
    Removing sysctl.o(i.SysCtlMOSCConfigSet), (12 bytes).
    Removing sysctl.o(i.SysCtlNMIClear), (16 bytes).
    Removing sysctl.o(i.SysCtlNMIStatus), (12 bytes).
    Removing sysctl.o(i.SysCtlPIOSCCalibrate), (76 bytes).
    Removing sysctl.o(i.SysCtlPWMClockGet), (24 bytes).
    Removing sysctl.o(i.SysCtlPWMClockSet), (20 bytes).
    Removing sysctl.o(i.SysCtlPeripheralClockGating), (68 bytes).
    Removing sysctl.o(i.SysCtlPeripheralDeepSleepDisable), (40 bytes).
    Removing sysctl.o(i.SysCtlPeripheralDeepSleepEnable), (40 bytes).
    Removing sysctl.o(i.SysCtlPeripheralDisable), (40 bytes).
    Removing sysctl.o(i.SysCtlPeripheralPowerOff), (40 bytes).
    Removing sysctl.o(i.SysCtlPeripheralPowerOn), (40 bytes).
    Removing sysctl.o(i.SysCtlPeripheralPresent), (44 bytes).
    Removing sysctl.o(i.SysCtlPeripheralReady), (44 bytes).
    Removing sysctl.o(i.SysCtlPeripheralReset), (60 bytes).
    Removing sysctl.o(i.SysCtlPeripheralSleepDisable), (40 bytes).
    Removing sysctl.o(i.SysCtlPeripheralSleepEnable), (40 bytes).
    Removing sysctl.o(i.SysCtlReset), (16 bytes).
    Removing sysctl.o(i.SysCtlResetBehaviorGet), (12 bytes).
    Removing sysctl.o(i.SysCtlResetBehaviorSet), (12 bytes).
    Removing sysctl.o(i.SysCtlResetCauseClear), (16 bytes).
    Removing sysctl.o(i.SysCtlResetCauseGet), (12 bytes).
    Removing sysctl.o(i.SysCtlSRAMSizeGet), (16 bytes).
    Removing sysctl.o(i.SysCtlSleep), (4 bytes).
    Removing sysctl.o(i.SysCtlSleepPowerSet), (12 bytes).
    Removing sysctl.o(i.SysCtlUSBPLLDisable), (16 bytes).
    Removing sysctl.o(i.SysCtlUSBPLLEnable), (16 bytes).
    Removing sysctl.o(i.SysCtlVCOGet), (120 bytes).
    Removing sysctl.o(i.SysCtlVoltageEventClear), (16 bytes).
    Removing sysctl.o(i.SysCtlVoltageEventConfig), (12 bytes).
    Removing sysctl.o(i.SysCtlVoltageEventStatus), (12 bytes).
    Removing timer.o(i.TimerADCEventGet), (4 bytes).
    Removing timer.o(i.TimerADCEventSet), (4 bytes).
    Removing timer.o(i.TimerClockSourceGet), (6 bytes).
    Removing timer.o(i.TimerClockSourceSet), (6 bytes).
    Removing timer.o(i.TimerControlEvent), (18 bytes).
    Removing timer.o(i.TimerControlLevel), (22 bytes).
    Removing timer.o(i.TimerControlStall), (22 bytes).
    Removing timer.o(i.TimerControlWaitOnTrigger), (48 bytes).
    Removing timer.o(i.TimerDMAEventGet), (4 bytes).
    Removing timer.o(i.TimerDMAEventSet), (4 bytes).
    Removing timer.o(i.TimerDisable), (16 bytes).
    Removing timer.o(i.TimerIntDisable), (10 bytes).
    Removing timer.o(i.TimerIntRegister), (104 bytes).
    Removing timer.o(i.TimerIntStatus), (10 bytes).
    Removing timer.o(i.TimerIntUnregister), (104 bytes).
    Removing timer.o(i.TimerLoadGet), (10 bytes).
    Removing timer.o(i.TimerLoadGet64), (14 bytes).
    Removing timer.o(i.TimerLoadSet64), (6 bytes).
    Removing timer.o(i.TimerMatchGet), (10 bytes).
    Removing timer.o(i.TimerMatchGet64), (14 bytes).
    Removing timer.o(i.TimerMatchSet), (18 bytes).
    Removing timer.o(i.TimerMatchSet64), (6 bytes).
    Removing timer.o(i.TimerPrescaleGet), (10 bytes).
    Removing timer.o(i.TimerPrescaleMatchGet), (10 bytes).
    Removing timer.o(i.TimerPrescaleMatchSet), (18 bytes).
    Removing timer.o(i.TimerPrescaleSet), (18 bytes).
    Removing timer.o(i.TimerRTCDisable), (10 bytes).
    Removing timer.o(i.TimerRTCEnable), (10 bytes).
    Removing timer.o(i.TimerSynchronize), (4 bytes).
    Removing timer.o(i.TimerUpdateMode), (42 bytes).
    Removing timer.o(i.TimerValueGet), (10 bytes).
    Removing timer.o(i.TimerValueGet64), (14 bytes).
    Removing timer.o(.constdata), (160 bytes).
    Removing uart.o(i.UART9BitAddrSend), (38 bytes).
    Removing uart.o(i.UART9BitAddrSet), (10 bytes).
    Removing uart.o(i.UART9BitDisable), (14 bytes).
    Removing uart.o(i.UART9BitEnable), (14 bytes).
    Removing uart.o(i.UARTBreakCtl), (18 bytes).
    Removing uart.o(i.UARTBusy), (8 bytes).
    Removing uart.o(i.UARTCharGet), (12 bytes).
    Removing uart.o(i.UARTCharGetNonBlocking), (16 bytes).
    Removing uart.o(i.UARTCharPutNonBlocking), (16 bytes).
    Removing uart.o(i.UARTCharsAvail), (10 bytes).
    Removing uart.o(i.UARTClockSourceGet), (6 bytes).
    Removing uart.o(i.UARTClockSourceSet), (6 bytes).
    Removing uart.o(i.UARTConfigGetExpClk), (46 bytes).
    Removing uart.o(i.UARTDMADisable), (10 bytes).
    Removing uart.o(i.UARTDMAEnable), (8 bytes).
    Removing uart.o(i.UARTDisable), (30 bytes).
    Removing uart.o(i.UARTDisableSIR), (10 bytes).
    Removing uart.o(i.UARTEnable), (20 bytes).
    Removing uart.o(i.UARTEnableSIR), (18 bytes).
    Removing uart.o(i.UARTFIFODisable), (10 bytes).
    Removing uart.o(i.UARTFIFOEnable), (10 bytes).
    Removing uart.o(i.UARTFIFOLevelGet), (16 bytes).
    Removing uart.o(i.UARTFIFOLevelSet), (6 bytes).
    Removing uart.o(i.UARTFlowControlGet), (8 bytes).
    Removing uart.o(i.UARTFlowControlSet), (12 bytes).
    Removing uart.o(i.UARTIntClear), (4 bytes).
    Removing uart.o(i.UARTIntDisable), (10 bytes).
    Removing uart.o(i.UARTIntEnable), (8 bytes).
    Removing uart.o(i.UARTIntRegister), (88 bytes).
    Removing uart.o(i.UARTIntStatus), (10 bytes).
    Removing uart.o(i.UARTIntUnregister), (88 bytes).
    Removing uart.o(i.UARTLoopbackEnable), (10 bytes).
    Removing uart.o(i.UARTModemControlClear), (14 bytes).
    Removing uart.o(i.UARTModemControlGet), (8 bytes).
    Removing uart.o(i.UARTModemControlSet), (12 bytes).
    Removing uart.o(i.UARTModemStatusGet), (10 bytes).
    Removing uart.o(i.UARTParityModeGet), (8 bytes).
    Removing uart.o(i.UARTParityModeSet), (12 bytes).
    Removing uart.o(i.UARTRxErrorClear), (6 bytes).
    Removing uart.o(i.UARTRxErrorGet), (8 bytes).
    Removing uart.o(i.UARTSmartCardDisable), (10 bytes).
    Removing uart.o(i.UARTSmartCardEnable), (22 bytes).
    Removing uart.o(i.UARTSpaceAvail), (10 bytes).
    Removing uart.o(i.UARTTxIntModeGet), (8 bytes).
    Removing uart.o(i.UARTTxIntModeSet), (12 bytes).
    Removing uart.o(.constdata), (128 bytes).

227 unused section(s) (total 8185 bytes) removed from the image.

==============================================================================

Image Symbol Table

    Local Symbols

    Symbol Name                              Value     Ov Type        Size  Object(Section)

    RESET                                    0x00000000   Section      648  startup_rvmdk.o(RESET)
    ../clib/angel/boardlib.s                 0x00000000   Number         0  boardshut.o ABSOLUTE
    ../clib/angel/boardlib.s                 0x00000000   Number         0  boardinit3.o ABSOLUTE
    ../clib/angel/boardlib.s                 0x00000000   Number         0  boardinit1.o ABSOLUTE
    ../clib/angel/boardlib.s                 0x00000000   Number         0  boardinit2.o ABSOLUTE
    ../clib/angel/dclz77c.s                  0x00000000   Number         0  __dclz77c.o ABSOLUTE
    ../clib/angel/handlers.s                 0x00000000   Number         0  __scatter_zi.o ABSOLUTE
    ../clib/angel/kernel.s                   0x00000000   Number         0  __rtentry4.o ABSOLUTE
    ../clib/angel/kernel.s                   0x00000000   Number         0  __rtentry2.o ABSOLUTE
    ../clib/angel/kernel.s                   0x00000000   Number         0  rtexit2.o ABSOLUTE
    ../clib/angel/kernel.s                   0x00000000   Number         0  __rtentry.o ABSOLUTE
    ../clib/angel/kernel.s                   0x00000000   Number         0  rtexit.o ABSOLUTE
    ../clib/angel/rt.s                       0x00000000   Number         0  rt_raise.o ABSOLUTE
    ../clib/angel/scatter.s                  0x00000000   Number         0  __scatter.o ABSOLUTE
    ../clib/angel/startup.s                  0x00000000   Number         0  __main.o ABSOLUTE
    ../clib/angel/sys.s                      0x00000000   Number         0  libspace.o ABSOLUTE
    ../clib/angel/sys.s                      0x00000000   Number         0  indicate_semi.o ABSOLUTE
    ../clib/angel/sys.s                      0x00000000   Number         0  use_no_semi.o ABSOLUTE
    ../clib/angel/sys.s                      0x00000000   Number         0  sys_stackheap_outer.o ABSOLUTE
    ../clib/angel/sysapp.c                   0x00000000   Number         0  sys_exit.o ABSOLUTE
    ../clib/angel/sysapp.c                   0x00000000   Number         0  sys_command.o ABSOLUTE
    ../clib/angel/sysapp.c                   0x00000000   Number         0  sys_wrch.o ABSOLUTE
    ../clib/armsys.c                         0x00000000   Number         0  argv_veneer.o ABSOLUTE
    ../clib/armsys.c                         0x00000000   Number         0  argv_veneer.o ABSOLUTE
    ../clib/armsys.c                         0x00000000   Number         0  _get_argv_nomalloc.o ABSOLUTE
    ../clib/armsys.c                         0x00000000   Number         0  no_argv.o ABSOLUTE
    ../clib/heapalloc.c                      0x00000000   Number         0  hrguard.o ABSOLUTE
    ../clib/heapaux.c                        0x00000000   Number         0  heapauxi.o ABSOLUTE
    ../clib/libinit.s                        0x00000000   Number         0  libinit2.o ABSOLUTE
    ../clib/libinit.s                        0x00000000   Number         0  libshutdown2.o ABSOLUTE
    ../clib/libinit.s                        0x00000000   Number         0  libshutdown.o ABSOLUTE
    ../clib/libinit.s                        0x00000000   Number         0  libinit.o ABSOLUTE
    ../clib/memcpset.s                       0x00000000   Number         0  rt_memcpy_w.o ABSOLUTE
    ../clib/memcpset.s                       0x00000000   Number         0  rt_memclr_w.o ABSOLUTE
    ../clib/printf.c                         0x00000000   Number         0  noretval__2sprintf.o ABSOLUTE
    ../clib/printf.c                         0x00000000   Number         0  __2sprintf.o ABSOLUTE
    ../clib/printf.c                         0x00000000   Number         0  _sputc.o ABSOLUTE
    ../clib/printf.c                         0x00000000   Number         0  _printf_intcommon.o ABSOLUTE
    ../clib/printf.c                         0x00000000   Number         0  __printf_ss.o ABSOLUTE
    ../clib/printf.c                         0x00000000   Number         0  __printf_ss_wp.o ABSOLUTE
    ../clib/printf.c                         0x00000000   Number         0  __printf_flags_wp.o ABSOLUTE
    ../clib/printf.c                         0x00000000   Number         0  __printf_flags_ss.o ABSOLUTE
    ../clib/printf.c                         0x00000000   Number         0  __printf_flags_ss_wp.o ABSOLUTE
    ../clib/printf.c                         0x00000000   Number         0  __printf_wp.o ABSOLUTE
    ../clib/printf.c                         0x00000000   Number         0  __printf_flags.o ABSOLUTE
    ../clib/printf.c                         0x00000000   Number         0  _printf_char_common.o ABSOLUTE
    ../clib/printf.c                         0x00000000   Number         0  _printf_dec.o ABSOLUTE
    ../clib/printf.c                         0x00000000   Number         0  __printf.o ABSOLUTE
    ../clib/printf.c                         0x00000000   Number         0  __printf_nopercent.o ABSOLUTE
    ../clib/printf_percent.s                 0x00000000   Number         0  _printf_percent_end.o ABSOLUTE
    ../clib/printf_percent.s                 0x00000000   Number         0  _printf_d.o ABSOLUTE
    ../clib/printf_percent.s                 0x00000000   Number         0  _printf_percent.o ABSOLUTE
    ../clib/signal.c                         0x00000000   Number         0  defsig_rtmem_inner.o ABSOLUTE
    ../clib/signal.c                         0x00000000   Number         0  defsig_exit.o ABSOLUTE
    ../clib/signal.c                         0x00000000   Number         0  defsig_rtmem_formal.o ABSOLUTE
    ../clib/signal.c                         0x00000000   Number         0  defsig_rtmem_outer.o ABSOLUTE
    ../clib/signal.c                         0x00000000   Number         0  defsig_general.o ABSOLUTE
    ../clib/signal.c                         0x00000000   Number         0  defsig_other.o ABSOLUTE
    ../clib/signal.c                         0x00000000   Number         0  defsig_segv_inner.o ABSOLUTE
    ../clib/signal.c                         0x00000000   Number         0  defsig_cppl_inner.o ABSOLUTE
    ../clib/signal.c                         0x00000000   Number         0  defsig_pvfn_inner.o ABSOLUTE
    ../clib/signal.c                         0x00000000   Number         0  defsig_stak_inner.o ABSOLUTE
    ../clib/signal.c                         0x00000000   Number         0  defsig_rtred_inner.o ABSOLUTE
    ../clib/signal.c                         0x00000000   Number         0  defsig_fpe_inner.o ABSOLUTE
    ../clib/signal.c                         0x00000000   Number         0  defsig_abrt_inner.o ABSOLUTE
    ../clib/signal.c                         0x00000000   Number         0  __raise.o ABSOLUTE
    ../clib/signal.s                         0x00000000   Number         0  defsig.o ABSOLUTE
    ../clib/stdlib.c                         0x00000000   Number         0  exit.o ABSOLUTE
    ../fplib/daddsub.s                       0x00000000   Number         0  daddsub_clz.o ABSOLUTE
    ../fplib/dcmpi.s                         0x00000000   Number         0  dcmpi.o ABSOLUTE
    ../fplib/ddiv.s                          0x00000000   Number         0  ddiv.o ABSOLUTE
    ../fplib/dflt.s                          0x00000000   Number         0  dflt_clz.o ABSOLUTE
    ../fplib/dleqf.s                         0x00000000   Number         0  dleqf.o ABSOLUTE
    ../fplib/dmul.s                          0x00000000   Number         0  dmul.o ABSOLUTE
    ../fplib/dnaninf.s                       0x00000000   Number         0  dnaninf.o ABSOLUTE
    ../fplib/dretinf.s                       0x00000000   Number         0  dretinf.o ABSOLUTE
    ../fplib/drleqf.s                        0x00000000   Number         0  drleqf.o ABSOLUTE
    ../fplib/fpinit.s                        0x00000000   Number         0  fpinit.o ABSOLUTE
    ../fplib/usenofp.s                       0x00000000   Number         0  usenofp.o ABSOLUTE
    adc.c                                    0x00000000   Number         0  adc.o ABSOLUTE
    cpu.c                                    0x00000000   Number         0  cpu.o ABSOLUTE
    cpu.c                                    0x00000000   Number         0  cpu.o ABSOLUTE
    dc.s                                     0x00000000   Number         0  dc.o ABSOLUTE
    gpio.c                                   0x00000000   Number         0  gpio.o ABSOLUTE
    interrupt.c                              0x00000000   Number         0  interrupt.o ABSOLUTE
    main.c                                   0x00000000   Number         0  main.o ABSOLUTE
    startup_rvmdk.S                          0x00000000   Number         0  startup_rvmdk.o ABSOLUTE
    sysctl.c                                 0x00000000   Number         0  sysctl.o ABSOLUTE
    sysctl.c                                 0x00000000   Number         0  sysctl.o ABSOLUTE
    timer.c                                  0x00000000   Number         0  timer.o ABSOLUTE
    uart.c                                   0x00000000   Number         0  uart.o ABSOLUTE
    $v0                                      0x0000026c   Number         0  startup_rvmdk.o(RESET)
    NmiSR                                    0x00000281   Thumb Code     0  startup_rvmdk.o(RESET)
    FaultISR                                 0x00000283   Thumb Code     0  startup_rvmdk.o(RESET)
    IntDefaultHandler                        0x00000285   Thumb Code     0  startup_rvmdk.o(RESET)
    !!!main                                  0x00000288   Section        8  __main.o(!!!main)
    !!!scatter                               0x00000290   Section       52  __scatter.o(!!!scatter)
    !!dclz77c                                0x000002c4   Section      100  __dclz77c.o(!!dclz77c)
    !!handler_zi                             0x00000328   Section       28  __scatter_zi.o(!!handler_zi)
    .ARM.Collect$$_printf_percent$$00000000  0x00000344   Section        0  _printf_percent.o(.ARM.Collect$$_printf_percent$$00000000)
    .ARM.Collect$$_printf_percent$$00000009  0x00000344   Section        6  _printf_d.o(.ARM.Collect$$_printf_percent$$00000009)
    .ARM.Collect$$_printf_percent$$00000017  0x0000034a   Section        4  _printf_percent_end.o(.ARM.Collect$$_printf_percent$$00000017)
    .ARM.Collect$$libinit$$00000000          0x0000034e   Section        2  libinit.o(.ARM.Collect$$libinit$$00000000)
    .ARM.Collect$$libinit$$00000001          0x00000350   Section        4  libinit2.o(.ARM.Collect$$libinit$$00000001)
    .ARM.Collect$$libinit$$00000004          0x00000354   Section        0  libinit2.o(.ARM.Collect$$libinit$$00000004)
    .ARM.Collect$$libinit$$0000000A          0x00000354   Section        0  libinit2.o(.ARM.Collect$$libinit$$0000000A)
    .ARM.Collect$$libinit$$0000000C          0x00000354   Section        0  libinit2.o(.ARM.Collect$$libinit$$0000000C)
    .ARM.Collect$$libinit$$0000000E          0x00000354   Section        0  libinit2.o(.ARM.Collect$$libinit$$0000000E)
    .ARM.Collect$$libinit$$00000011          0x00000354   Section        0  libinit2.o(.ARM.Collect$$libinit$$00000011)
    .ARM.Collect$$libinit$$00000013          0x00000354   Section        0  libinit2.o(.ARM.Collect$$libinit$$00000013)
    .ARM.Collect$$libinit$$00000015          0x00000354   Section        0  libinit2.o(.ARM.Collect$$libinit$$00000015)
    .ARM.Collect$$libinit$$00000017          0x00000354   Section        0  libinit2.o(.ARM.Collect$$libinit$$00000017)
    .ARM.Collect$$libinit$$00000019          0x00000354   Section        0  libinit2.o(.ARM.Collect$$libinit$$00000019)
    .ARM.Collect$$libinit$$0000001B          0x00000354   Section        0  libinit2.o(.ARM.Collect$$libinit$$0000001B)
    .ARM.Collect$$libinit$$0000001D          0x00000354   Section        0  libinit2.o(.ARM.Collect$$libinit$$0000001D)
    .ARM.Collect$$libinit$$0000001F          0x00000354   Section        0  libinit2.o(.ARM.Collect$$libinit$$0000001F)
    .ARM.Collect$$libinit$$00000021          0x00000354   Section        0  libinit2.o(.ARM.Collect$$libinit$$00000021)
    .ARM.Collect$$libinit$$00000023          0x00000354   Section        0  libinit2.o(.ARM.Collect$$libinit$$00000023)
    .ARM.Collect$$libinit$$00000025          0x00000354   Section        0  libinit2.o(.ARM.Collect$$libinit$$00000025)
    .ARM.Collect$$libinit$$0000002C          0x00000354   Section        0  libinit2.o(.ARM.Collect$$libinit$$0000002C)
    .ARM.Collect$$libinit$$0000002E          0x00000354   Section        0  libinit2.o(.ARM.Collect$$libinit$$0000002E)
    .ARM.Collect$$libinit$$00000030          0x00000354   Section        0  libinit2.o(.ARM.Collect$$libinit$$00000030)
    .ARM.Collect$$libinit$$00000032          0x00000354   Section        0  libinit2.o(.ARM.Collect$$libinit$$00000032)
    .ARM.Collect$$libinit$$00000033          0x00000354   Section        2  libinit2.o(.ARM.Collect$$libinit$$00000033)
    .ARM.Collect$$libshutdown$$00000000      0x00000356   Section        2  libshutdown.o(.ARM.Collect$$libshutdown$$00000000)
    .ARM.Collect$$libshutdown$$00000002      0x00000358   Section        0  libshutdown2.o(.ARM.Collect$$libshutdown$$00000002)
    .ARM.Collect$$libshutdown$$00000004      0x00000358   Section        0  libshutdown2.o(.ARM.Collect$$libshutdown$$00000004)
    .ARM.Collect$$libshutdown$$00000007      0x00000358   Section        0  libshutdown2.o(.ARM.Collect$$libshutdown$$00000007)
    .ARM.Collect$$libshutdown$$0000000A      0x00000358   Section        0  libshutdown2.o(.ARM.Collect$$libshutdown$$0000000A)
    .ARM.Collect$$libshutdown$$0000000C      0x00000358   Section        0  libshutdown2.o(.ARM.Collect$$libshutdown$$0000000C)
    .ARM.Collect$$libshutdown$$0000000F      0x00000358   Section        0  libshutdown2.o(.ARM.Collect$$libshutdown$$0000000F)
    .ARM.Collect$$libshutdown$$00000010      0x00000358   Section        2  libshutdown2.o(.ARM.Collect$$libshutdown$$00000010)
    .ARM.Collect$$rtentry$$00000000          0x0000035a   Section        0  __rtentry.o(.ARM.Collect$$rtentry$$00000000)
    .ARM.Collect$$rtentry$$00000002          0x0000035a   Section        0  __rtentry2.o(.ARM.Collect$$rtentry$$00000002)
    .ARM.Collect$$rtentry$$00000004          0x0000035a   Section        6  __rtentry4.o(.ARM.Collect$$rtentry$$00000004)
    .ARM.Collect$$rtentry$$00000009          0x00000360   Section        0  __rtentry2.o(.ARM.Collect$$rtentry$$00000009)
    .ARM.Collect$$rtentry$$0000000A          0x00000360   Section        4  __rtentry2.o(.ARM.Collect$$rtentry$$0000000A)
    .ARM.Collect$$rtentry$$0000000C          0x00000364   Section        0  __rtentry2.o(.ARM.Collect$$rtentry$$0000000C)
    .ARM.Collect$$rtentry$$0000000D          0x00000364   Section        8  __rtentry2.o(.ARM.Collect$$rtentry$$0000000D)
    .ARM.Collect$$rtexit$$00000000           0x0000036c   Section        2  rtexit.o(.ARM.Collect$$rtexit$$00000000)
    .ARM.Collect$$rtexit$$00000002           0x0000036e   Section        0  rtexit2.o(.ARM.Collect$$rtexit$$00000002)
    .ARM.Collect$$rtexit$$00000003           0x0000036e   Section        4  rtexit2.o(.ARM.Collect$$rtexit$$00000003)
    .ARM.Collect$$rtexit$$00000004           0x00000372   Section        6  rtexit2.o(.ARM.Collect$$rtexit$$00000004)
    .emb_text                                0x00000378   Section        6  sysctl.o(.emb_text)
    $v0                                      0x00000378   Number         0  sysctl.o(.emb_text)
    .emb_text                                0x00000380   Section       38  cpu.o(.emb_text)
    $v0                                      0x00000380   Number         0  cpu.o(.emb_text)
    .text                                    0x000003a8   Section       24  startup_rvmdk.o(.text)
    $v0                                      0x000003a8   Number         0  startup_rvmdk.o(.text)
    .text                                    0x000003c0   Section        0  noretval__2sprintf.o(.text)
    .text                                    0x000003e8   Section        0  __printf.o(.text)
    .text                                    0x00000450   Section        0  _printf_dec.o(.text)
    .text                                    0x000004c8   Section      100  rt_memcpy_w.o(.text)
    .text                                    0x0000052c   Section       78  rt_memclr_w.o(.text)
    .text                                    0x0000057a   Section        0  heapauxi.o(.text)
    .text                                    0x00000580   Section        0  _printf_intcommon.o(.text)
    .text                                    0x00000634   Section        0  _printf_char_common.o(.text)
    _printf_input_char                       0x00000635   Thumb Code    10  _printf_char_common.o(.text)
    .text                                    0x00000664   Section        0  _sputc.o(.text)
    .text                                    0x0000066e   Section       74  sys_stackheap_outer.o(.text)
    .text                                    0x000006b8   Section        0  exit.o(.text)
    .text                                    0x000006cc   Section        8  libspace.o(.text)
    .text                                    0x000006d4   Section        0  sys_exit.o(.text)
    .text                                    0x000006e0   Section        2  use_no_semi.o(.text)
    .text                                    0x000006e2   Section        0  indicate_semi.o(.text)
    i.ADC1_Handler                           0x000006e4   Section        0  main.o(i.ADC1_Handler)
    i.ADCIntClear                            0x000007ec   Section        0  adc.o(i.ADCIntClear)
    i.ADCIntEnableEx                         0x000007f6   Section        0  adc.o(i.ADCIntEnableEx)
    i.ADCSequenceConfigure                   0x000007fe   Section        0  adc.o(i.ADCSequenceConfigure)
    i.ADCSequenceDataGet                     0x0000085e   Section        0  adc.o(i.ADCSequenceDataGet)
    i.ADCSequenceDisable                     0x00000882   Section        0  adc.o(i.ADCSequenceDisable)
    i.ADCSequenceEnable                      0x00000892   Section        0  adc.o(i.ADCSequenceEnable)
    i.ADCSequenceStepConfigure               0x000008a0   Section        0  adc.o(i.ADCSequenceStepConfigure)
    i.GPIODirModeSet                         0x0000093a   Section        0  gpio.o(i.GPIODirModeSet)
    i.GPIOPadConfigSet                       0x00000962   Section        0  gpio.o(i.GPIOPadConfigSet)
    i.GPIOPinConfigure                       0x00000a9c   Section        0  gpio.o(i.GPIOPinConfigure)
    i.GPIOPinRead                            0x00000ae0   Section        0  gpio.o(i.GPIOPinRead)
    i.GPIOPinTypeADC                         0x00000ae6   Section        0  gpio.o(i.GPIOPinTypeADC)
    i.GPIOPinTypeGPIOInput                   0x00000b02   Section        0  gpio.o(i.GPIOPinTypeGPIOInput)
    i.GPIOPinTypeGPIOOutput                  0x00000b1e   Section        0  gpio.o(i.GPIOPinTypeGPIOOutput)
    i.GPIOPinTypeUART                        0x00000b3a   Section        0  gpio.o(i.GPIOPinTypeUART)
    i.GPIOPinWrite                           0x00000b56   Section        0  gpio.o(i.GPIOPinWrite)
    i.Init_ADC                               0x00000b5c   Section        0  main.o(i.Init_ADC)
    i.Init_Buttons                           0x00000c3c   Section        0  main.o(i.Init_Buttons)
    i.Init_Timer                             0x00000c8c   Section        0  main.o(i.Init_Timer)
    i.Init_UART                              0x00000cd0   Section        0  main.o(i.Init_UART)
    i.IntEnable                              0x00000d18   Section        0  interrupt.o(i.IntEnable)
    i.IntMasterEnable                        0x00000d7c   Section        0  interrupt.o(i.IntMasterEnable)
    i.IntPriorityGroupingSet                 0x00000d8c   Section        0  interrupt.o(i.IntPriorityGroupingSet)
    i.IntPrioritySet                         0x00000da8   Section        0  interrupt.o(i.IntPrioritySet)
    i.SysCtlClockGet                         0x00000dd0   Section        0  sysctl.o(i.SysCtlClockGet)
    i.SysCtlClockSet                         0x00000f24   Section        0  sysctl.o(i.SysCtlClockSet)
    i.SysCtlPeripheralEnable                 0x00001044   Section        0  sysctl.o(i.SysCtlPeripheralEnable)
    i.Timer1A_Handler                        0x0000106c   Section        0  main.o(i.Timer1A_Handler)
    i.TimerConfigure                         0x000016c8   Section        0  timer.o(i.TimerConfigure)
    i.TimerControlTrigger                    0x00001728   Section        0  timer.o(i.TimerControlTrigger)
    i.TimerEnable                            0x00001778   Section        0  timer.o(i.TimerEnable)
    i.TimerIntClear                          0x00001786   Section        0  timer.o(i.TimerIntClear)
    i.TimerIntEnable                         0x0000178a   Section        0  timer.o(i.TimerIntEnable)
    i.TimerLoadSet                           0x00001792   Section        0  timer.o(i.TimerLoadSet)
    i.UARTCharPut                            0x000017a4   Section        0  uart.o(i.UARTCharPut)
    i.UARTConfigSetExpClk                    0x000017b0   Section        0  uart.o(i.UARTConfigSetExpClk)
    i.UART_OutChar                           0x00001820   Section        0  main.o(i.UART_OutChar)
    i.UART_OutString                         0x00001834   Section        0  main.o(i.UART_OutString)
    i.main                                   0x0000184c   Section        0  main.o(i.main)
    x$fpl$dadd                               0x0000187c   Section      336  daddsub_clz.o(x$fpl$dadd)
    $v0                                      0x0000187c   Number         0  daddsub_clz.o(x$fpl$dadd)
    _dadd1                                   0x0000188d   Thumb Code     0  daddsub_clz.o(x$fpl$dadd)
    x$fpl$dcmpinf                            0x000019cc   Section       24  dcmpi.o(x$fpl$dcmpinf)
    $v0                                      0x000019cc   Number         0  dcmpi.o(x$fpl$dcmpinf)
    x$fpl$ddiv                               0x000019e4   Section      688  ddiv.o(x$fpl$ddiv)
    $v0                                      0x000019e4   Number         0  ddiv.o(x$fpl$ddiv)
    ddiv_entry                               0x000019eb   Thumb Code     0  ddiv.o(x$fpl$ddiv)
    x$fpl$dflt                               0x00001c94   Section       46  dflt_clz.o(x$fpl$dflt)
    $v0                                      0x00001c94   Number         0  dflt_clz.o(x$fpl$dflt)
    x$fpl$dfltu                              0x00001cc2   Section       38  dflt_clz.o(x$fpl$dfltu)
    $v0                                      0x00001cc2   Number         0  dflt_clz.o(x$fpl$dfltu)
    x$fpl$dleqf                              0x00001ce8   Section      120  dleqf.o(x$fpl$dleqf)
    $v0                                      0x00001ce8   Number         0  dleqf.o(x$fpl$dleqf)
    x$fpl$dmul                               0x00001d60   Section      340  dmul.o(x$fpl$dmul)
    $v0                                      0x00001d60   Number         0  dmul.o(x$fpl$dmul)
    x$fpl$dnaninf                            0x00001eb4   Section      156  dnaninf.o(x$fpl$dnaninf)
    $v0                                      0x00001eb4   Number         0  dnaninf.o(x$fpl$dnaninf)
    x$fpl$dretinf                            0x00001f50   Section       12  dretinf.o(x$fpl$dretinf)
    $v0                                      0x00001f50   Number         0  dretinf.o(x$fpl$dretinf)
    x$fpl$drleqf                             0x00001f5c   Section      108  drleqf.o(x$fpl$drleqf)
    $v0                                      0x00001f5c   Number         0  drleqf.o(x$fpl$drleqf)
    x$fpl$dsub                               0x00001fc8   Section      468  daddsub_clz.o(x$fpl$dsub)
    $v0                                      0x00001fc8   Number         0  daddsub_clz.o(x$fpl$dsub)
    _dsub1                                   0x00001fd9   Thumb Code     0  daddsub_clz.o(x$fpl$dsub)
    x$fpl$fpinit                             0x0000219c   Section       10  fpinit.o(x$fpl$fpinit)
    $v0                                      0x0000219c   Number         0  fpinit.o(x$fpl$fpinit)
    x$fpl$usenofp                            0x000021a6   Section        0  usenofp.o(x$fpl$usenofp)
    .constdata                               0x000021a8   Section      552  gpio.o(.constdata)
    g_ppui32GPIOIntMapBlizzard               0x000021a8   Data         192  gpio.o(.constdata)
    g_ppui32GPIOIntMapSnowflake              0x00002268   Data         216  gpio.o(.constdata)
    g_pui32GPIOBaseAddrs                     0x00002340   Data         144  gpio.o(.constdata)
    .constdata                               0x000023d0   Section      268  interrupt.o(.constdata)
    g_pui32Priority                          0x000023d0   Data          32  interrupt.o(.constdata)
    g_pui32Regs                              0x000023f0   Data         156  interrupt.o(.constdata)
    g_pui32EnRegs                            0x0000248c   Data          20  interrupt.o(.constdata)
    g_pui32Dii16Regs                         0x000024a0   Data          20  interrupt.o(.constdata)
    g_pui32PendRegs                          0x000024b4   Data          20  interrupt.o(.constdata)
    g_pui32UnpendRegs                        0x000024c8   Data          20  interrupt.o(.constdata)
    .constdata                               0x000024dc   Section      596  sysctl.o(.constdata)
    g_pui32VCOFrequencies                    0x000024dc   Data           8  sysctl.o(.constdata)
    g_pui32Xtals                             0x000024e4   Data         108  sysctl.o(.constdata)
    g_pppui32XTALtoVCO                       0x00002550   Data         432  sysctl.o(.constdata)
    g_sXTALtoMEMTIM                          0x00002700   Data          48  sysctl.o(.constdata)
    .data                                    0x20000000   Section      537  main.o(.data)
    g_ui32Base                               0x20000000   Data           4  main.o(.data)
    bLastWasCR                               0x20000218   Data           1  main.o(.data)
    .bss                                     0x20000220   Section     3376  main.o(.bss)
    .bss                                     0x20000f50   Section       96  libspace.o(.bss)
    HEAP                                     0x20000fb0   Section        0  startup_rvmdk.o(HEAP)
    STACK                                    0x20000fb0   Section      256  startup_rvmdk.o(STACK)
    HeapMem                                  0x20000fb0   Data           0  startup_rvmdk.o(HEAP)
    StackMem                                 0x20000fb0   Data           0  startup_rvmdk.o(STACK)

    Global Symbols

    Symbol Name                              Value     Ov Type        Size  Object(Section)

    BuildAttributes$$THM_ISAv4$E$P$D$K$B$S$7EM$VFPi3$EXTD16$VFPS$VFMA$PE$A:L22UL41UL21$X:L11$S22US41US21$IEEE1$IW$USESV6$~STKCKD$USESV7$~SHL$OTIME$ROPI$EBA8$UX$STANDARDLIB$REQ8$PRES8$EABIv2 0x00000000   Number         0  anon$$obj.o ABSOLUTE
    __ARM_use_no_argv                        0x00000000   Number         0  main.o ABSOLUTE
    __Vectors                                0x00000000   Data           0  startup_rvmdk.o(RESET)
    __ARM_exceptions_init                     - Undefined Weak Reference
    __alloca_initialize                       - Undefined Weak Reference
    __arm_preinit_                            - Undefined Weak Reference
    __cpp_initialize__aeabi_                  - Undefined Weak Reference
    __cxa_finalize                            - Undefined Weak Reference
    __rt_locale                               - Undefined Weak Reference
    __sigvec_lookup                           - Undefined Weak Reference
    _atexit_init                              - Undefined Weak Reference
    _call_atexit_fns                          - Undefined Weak Reference
    _clock_init                               - Undefined Weak Reference
    _fp_trap_init                             - Undefined Weak Reference
    _fp_trap_shutdown                         - Undefined Weak Reference
    _get_lc_collate                           - Undefined Weak Reference
    _get_lc_ctype                             - Undefined Weak Reference
    _get_lc_monetary                          - Undefined Weak Reference
    _get_lc_numeric                           - Undefined Weak Reference
    _get_lc_time                              - Undefined Weak Reference
    _getenv_init                              - Undefined Weak Reference
    _handle_redirection                       - Undefined Weak Reference
    _init_alloc                               - Undefined Weak Reference
    _init_user_alloc                          - Undefined Weak Reference
    _initio                                   - Undefined Weak Reference
    _printf_post_padding                      - Undefined Weak Reference
    _printf_pre_padding                       - Undefined Weak Reference
    _printf_truncate_signed                   - Undefined Weak Reference
    _printf_truncate_unsigned                 - Undefined Weak Reference
    _rand_init                                - Undefined Weak Reference
    _signal_finish                            - Undefined Weak Reference
    _signal_init                              - Undefined Weak Reference
    _terminate_alloc                          - Undefined Weak Reference
    _terminate_user_alloc                     - Undefined Weak Reference
    _terminateio                              - Undefined Weak Reference
    Reset_Handler                            0x0000026d   Thumb Code     0  startup_rvmdk.o(RESET)
    __main                                   0x00000289   Thumb Code     8  __main.o(!!!main)
    __scatterload                            0x00000291   Thumb Code     0  __scatter.o(!!!scatter)
    __scatterload_rt2                        0x00000291   Thumb Code    44  __scatter.o(!!!scatter)
    __scatterload_rt2_thumb_only             0x00000291   Thumb Code     0  __scatter.o(!!!scatter)
    __scatterload_null                       0x0000029f   Thumb Code     0  __scatter.o(!!!scatter)
    __decompress                             0x000002c5   Thumb Code   100  __dclz77c.o(!!dclz77c)
    __decompress2                            0x000002c5   Thumb Code     0  __dclz77c.o(!!dclz77c)
    __scatterload_zeroinit                   0x00000329   Thumb Code    28  __scatter_zi.o(!!handler_zi)
    _printf_d                                0x00000345   Thumb Code     0  _printf_d.o(.ARM.Collect$$_printf_percent$$00000009)
    _printf_percent                          0x00000345   Thumb Code     0  _printf_percent.o(.ARM.Collect$$_printf_percent$$00000000)
    _printf_percent_end                      0x0000034b   Thumb Code     0  _printf_percent_end.o(.ARM.Collect$$_printf_percent$$00000017)
    __rt_lib_init                            0x0000034f   Thumb Code     0  libinit.o(.ARM.Collect$$libinit$$00000000)
    __rt_lib_init_fp_1                       0x00000351   Thumb Code     0  libinit2.o(.ARM.Collect$$libinit$$00000001)
    __rt_lib_init_alloca_1                   0x00000355   Thumb Code     0  libinit2.o(.ARM.Collect$$libinit$$0000002E)
    __rt_lib_init_argv_1                     0x00000355   Thumb Code     0  libinit2.o(.ARM.Collect$$libinit$$0000002C)
    __rt_lib_init_atexit_1                   0x00000355   Thumb Code     0  libinit2.o(.ARM.Collect$$libinit$$0000001B)
    __rt_lib_init_clock_1                    0x00000355   Thumb Code     0  libinit2.o(.ARM.Collect$$libinit$$00000021)
    __rt_lib_init_cpp_1                      0x00000355   Thumb Code     0  libinit2.o(.ARM.Collect$$libinit$$00000032)
    __rt_lib_init_exceptions_1               0x00000355   Thumb Code     0  libinit2.o(.ARM.Collect$$libinit$$00000030)
    __rt_lib_init_fp_trap_1                  0x00000355   Thumb Code     0  libinit2.o(.ARM.Collect$$libinit$$0000001F)
    __rt_lib_init_getenv_1                   0x00000355   Thumb Code     0  libinit2.o(.ARM.Collect$$libinit$$00000023)
    __rt_lib_init_heap_1                     0x00000355   Thumb Code     0  libinit2.o(.ARM.Collect$$libinit$$0000000A)
    __rt_lib_init_lc_collate_1               0x00000355   Thumb Code     0  libinit2.o(.ARM.Collect$$libinit$$00000011)
    __rt_lib_init_lc_ctype_1                 0x00000355   Thumb Code     0  libinit2.o(.ARM.Collect$$libinit$$00000013)
    __rt_lib_init_lc_monetary_1              0x00000355   Thumb Code     0  libinit2.o(.ARM.Collect$$libinit$$00000015)
    __rt_lib_init_lc_numeric_1               0x00000355   Thumb Code     0  libinit2.o(.ARM.Collect$$libinit$$00000017)
    __rt_lib_init_lc_time_1                  0x00000355   Thumb Code     0  libinit2.o(.ARM.Collect$$libinit$$00000019)
    __rt_lib_init_preinit_1                  0x00000355   Thumb Code     0  libinit2.o(.ARM.Collect$$libinit$$00000004)
    __rt_lib_init_rand_1                     0x00000355   Thumb Code     0  libinit2.o(.ARM.Collect$$libinit$$0000000E)
    __rt_lib_init_return                     0x00000355   Thumb Code     0  libinit2.o(.ARM.Collect$$libinit$$00000033)
    __rt_lib_init_signal_1                   0x00000355   Thumb Code     0  libinit2.o(.ARM.Collect$$libinit$$0000001D)
    __rt_lib_init_stdio_1                    0x00000355   Thumb Code     0  libinit2.o(.ARM.Collect$$libinit$$00000025)
    __rt_lib_init_user_alloc_1               0x00000355   Thumb Code     0  libinit2.o(.ARM.Collect$$libinit$$0000000C)
    __rt_lib_shutdown                        0x00000357   Thumb Code     0  libshutdown.o(.ARM.Collect$$libshutdown$$00000000)
    __rt_lib_shutdown_cpp_1                  0x00000359   Thumb Code     0  libshutdown2.o(.ARM.Collect$$libshutdown$$00000002)
    __rt_lib_shutdown_fp_trap_1              0x00000359   Thumb Code     0  libshutdown2.o(.ARM.Collect$$libshutdown$$00000007)
    __rt_lib_shutdown_heap_1                 0x00000359   Thumb Code     0  libshutdown2.o(.ARM.Collect$$libshutdown$$0000000F)
    __rt_lib_shutdown_return                 0x00000359   Thumb Code     0  libshutdown2.o(.ARM.Collect$$libshutdown$$00000010)
    __rt_lib_shutdown_signal_1               0x00000359   Thumb Code     0  libshutdown2.o(.ARM.Collect$$libshutdown$$0000000A)
    __rt_lib_shutdown_stdio_1                0x00000359   Thumb Code     0  libshutdown2.o(.ARM.Collect$$libshutdown$$00000004)
    __rt_lib_shutdown_user_alloc_1           0x00000359   Thumb Code     0  libshutdown2.o(.ARM.Collect$$libshutdown$$0000000C)
    __rt_entry                               0x0000035b   Thumb Code     0  __rtentry.o(.ARM.Collect$$rtentry$$00000000)
    __rt_entry_presh_1                       0x0000035b   Thumb Code     0  __rtentry2.o(.ARM.Collect$$rtentry$$00000002)
    __rt_entry_sh                            0x0000035b   Thumb Code     0  __rtentry4.o(.ARM.Collect$$rtentry$$00000004)
    __rt_entry_li                            0x00000361   Thumb Code     0  __rtentry2.o(.ARM.Collect$$rtentry$$0000000A)
    __rt_entry_postsh_1                      0x00000361   Thumb Code     0  __rtentry2.o(.ARM.Collect$$rtentry$$00000009)
    __rt_entry_main                          0x00000365   Thumb Code     0  __rtentry2.o(.ARM.Collect$$rtentry$$0000000D)
    __rt_entry_postli_1                      0x00000365   Thumb Code     0  __rtentry2.o(.ARM.Collect$$rtentry$$0000000C)
    __rt_exit                                0x0000036d   Thumb Code     0  rtexit.o(.ARM.Collect$$rtexit$$00000000)
    __rt_exit_ls                             0x0000036f   Thumb Code     0  rtexit2.o(.ARM.Collect$$rtexit$$00000003)
    __rt_exit_prels_1                        0x0000036f   Thumb Code     0  rtexit2.o(.ARM.Collect$$rtexit$$00000002)
    __rt_exit_exit                           0x00000373   Thumb Code     0  rtexit2.o(.ARM.Collect$$rtexit$$00000004)
    SysCtlDelay                              0x00000379   Thumb Code     6  sysctl.o(.emb_text)
    CPUcpsid                                 0x00000381   Thumb Code     8  cpu.o(.emb_text)
    CPUprimask                               0x00000389   Thumb Code     6  cpu.o(.emb_text)
    CPUcpsie                                 0x0000038f   Thumb Code     8  cpu.o(.emb_text)
    CPUwfi                                   0x00000397   Thumb Code     4  cpu.o(.emb_text)
    CPUbasepriSet                            0x0000039b   Thumb Code     6  cpu.o(.emb_text)
    CPUbasepriGet                            0x000003a1   Thumb Code     6  cpu.o(.emb_text)
    __user_initial_stackheap                 0x000003a9   Thumb Code     0  startup_rvmdk.o(.text)
    __2sprintf                               0x000003c1   Thumb Code    34  noretval__2sprintf.o(.text)
    __printf                                 0x000003e9   Thumb Code   104  __printf.o(.text)
    _printf_int_dec                          0x00000451   Thumb Code   104  _printf_dec.o(.text)
    __aeabi_memcpy4                          0x000004c9   Thumb Code     0  rt_memcpy_w.o(.text)
    __aeabi_memcpy8                          0x000004c9   Thumb Code     0  rt_memcpy_w.o(.text)
    __rt_memcpy_w                            0x000004c9   Thumb Code   100  rt_memcpy_w.o(.text)
    _memcpy_lastbytes_aligned                0x00000511   Thumb Code     0  rt_memcpy_w.o(.text)
    __aeabi_memclr4                          0x0000052d   Thumb Code     0  rt_memclr_w.o(.text)
    __aeabi_memclr8                          0x0000052d   Thumb Code     0  rt_memclr_w.o(.text)
    __rt_memclr_w                            0x0000052d   Thumb Code    78  rt_memclr_w.o(.text)
    _memset_w                                0x00000531   Thumb Code     0  rt_memclr_w.o(.text)
    __use_two_region_memory                  0x0000057b   Thumb Code     2  heapauxi.o(.text)
    __rt_heap_escrow$2region                 0x0000057d   Thumb Code     2  heapauxi.o(.text)
    __rt_heap_expand$2region                 0x0000057f   Thumb Code     2  heapauxi.o(.text)
    _printf_int_common                       0x00000581   Thumb Code   178  _printf_intcommon.o(.text)
    _printf_char_common                      0x0000063f   Thumb Code    32  _printf_char_common.o(.text)
    _sputc                                   0x00000665   Thumb Code    10  _sputc.o(.text)
    __user_setup_stackheap                   0x0000066f   Thumb Code    74  sys_stackheap_outer.o(.text)
    exit                                     0x000006b9   Thumb Code    18  exit.o(.text)
    __user_libspace                          0x000006cd   Thumb Code     8  libspace.o(.text)
    __user_perproc_libspace                  0x000006cd   Thumb Code     0  libspace.o(.text)
    __user_perthread_libspace                0x000006cd   Thumb Code     0  libspace.o(.text)
    _sys_exit                                0x000006d5   Thumb Code     8  sys_exit.o(.text)
    __I$use$semihosting                      0x000006e1   Thumb Code     0  use_no_semi.o(.text)
    __use_no_semihosting_swi                 0x000006e1   Thumb Code     2  use_no_semi.o(.text)
    __semihosting_library_function           0x000006e3   Thumb Code     0  indicate_semi.o(.text)
    ADC1_Handler                             0x000006e5   Thumb Code   208  main.o(i.ADC1_Handler)
    ADCIntClear                              0x000007ed   Thumb Code    10  adc.o(i.ADCIntClear)
    ADCIntEnableEx                           0x000007f7   Thumb Code     8  adc.o(i.ADCIntEnableEx)
    ADCSequenceConfigure                     0x000007ff   Thumb Code    96  adc.o(i.ADCSequenceConfigure)
    ADCSequenceDataGet                       0x0000085f   Thumb Code    36  adc.o(i.ADCSequenceDataGet)
    ADCSequenceDisable                       0x00000883   Thumb Code    16  adc.o(i.ADCSequenceDisable)
    ADCSequenceEnable                        0x00000893   Thumb Code    14  adc.o(i.ADCSequenceEnable)
    ADCSequenceStepConfigure                 0x000008a1   Thumb Code   154  adc.o(i.ADCSequenceStepConfigure)
    GPIODirModeSet                           0x0000093b   Thumb Code    40  gpio.o(i.GPIODirModeSet)
    GPIOPadConfigSet                         0x00000963   Thumb Code   312  gpio.o(i.GPIOPadConfigSet)
    GPIOPinConfigure                         0x00000a9d   Thumb Code    60  gpio.o(i.GPIOPinConfigure)
    GPIOPinRead                              0x00000ae1   Thumb Code     6  gpio.o(i.GPIOPinRead)
    GPIOPinTypeADC                           0x00000ae7   Thumb Code    28  gpio.o(i.GPIOPinTypeADC)
    GPIOPinTypeGPIOInput                     0x00000b03   Thumb Code    28  gpio.o(i.GPIOPinTypeGPIOInput)
    GPIOPinTypeGPIOOutput                    0x00000b1f   Thumb Code    28  gpio.o(i.GPIOPinTypeGPIOOutput)
    GPIOPinTypeUART                          0x00000b3b   Thumb Code    28  gpio.o(i.GPIOPinTypeUART)
    GPIOPinWrite                             0x00000b57   Thumb Code     6  gpio.o(i.GPIOPinWrite)
    Init_ADC                                 0x00000b5d   Thumb Code   196  main.o(i.Init_ADC)
    Init_Buttons                             0x00000c3d   Thumb Code    64  main.o(i.Init_Buttons)
    Init_Timer                               0x00000c8d   Thumb Code    60  main.o(i.Init_Timer)
    Init_UART                                0x00000cd1   Thumb Code    60  main.o(i.Init_UART)
    IntEnable                                0x00000d19   Thumb Code    92  interrupt.o(i.IntEnable)
    IntMasterEnable                          0x00000d7d   Thumb Code    14  interrupt.o(i.IntMasterEnable)
    IntPriorityGroupingSet                   0x00000d8d   Thumb Code    20  interrupt.o(i.IntPriorityGroupingSet)
    IntPrioritySet                           0x00000da9   Thumb Code    36  interrupt.o(i.IntPrioritySet)
    SysCtlClockGet                           0x00000dd1   Thumb Code   304  sysctl.o(i.SysCtlClockGet)
    SysCtlClockSet                           0x00000f25   Thumb Code   270  sysctl.o(i.SysCtlClockSet)
    SysCtlPeripheralEnable                   0x00001045   Thumb Code    36  sysctl.o(i.SysCtlPeripheralEnable)
    Timer1A_Handler                          0x0000106d   Thumb Code  1584  main.o(i.Timer1A_Handler)
    TimerConfigure                           0x000016c9   Thumb Code    88  timer.o(i.TimerConfigure)
    TimerControlTrigger                      0x00001729   Thumb Code    70  timer.o(i.TimerControlTrigger)
    TimerEnable                              0x00001779   Thumb Code    14  timer.o(i.TimerEnable)
    TimerIntClear                            0x00001787   Thumb Code     4  timer.o(i.TimerIntClear)
    TimerIntEnable                           0x0000178b   Thumb Code     8  timer.o(i.TimerIntEnable)
    TimerLoadSet                             0x00001793   Thumb Code    18  timer.o(i.TimerLoadSet)
    UARTCharPut                              0x000017a5   Thumb Code    12  uart.o(i.UARTCharPut)
    UARTConfigSetExpClk                      0x000017b1   Thumb Code   110  uart.o(i.UARTConfigSetExpClk)
    UART_OutChar                             0x00001821   Thumb Code    14  main.o(i.UART_OutChar)
    UART_OutString                           0x00001835   Thumb Code    22  main.o(i.UART_OutString)
    main                                     0x0000184d   Thumb Code    38  main.o(i.main)
    __aeabi_dadd                             0x0000187d   Thumb Code     0  daddsub_clz.o(x$fpl$dadd)
    _dadd                                    0x0000187d   Thumb Code   332  daddsub_clz.o(x$fpl$dadd)
    __fpl_dcmp_Inf                           0x000019cd   Thumb Code    24  dcmpi.o(x$fpl$dcmpinf)
    __aeabi_ddiv                             0x000019e5   Thumb Code     0  ddiv.o(x$fpl$ddiv)
    _ddiv                                    0x000019e5   Thumb Code   552  ddiv.o(x$fpl$ddiv)
    __aeabi_i2d                              0x00001c95   Thumb Code     0  dflt_clz.o(x$fpl$dflt)
    _dflt                                    0x00001c95   Thumb Code    46  dflt_clz.o(x$fpl$dflt)
    __aeabi_ui2d                             0x00001cc3   Thumb Code     0  dflt_clz.o(x$fpl$dfltu)
    _dfltu                                   0x00001cc3   Thumb Code    38  dflt_clz.o(x$fpl$dfltu)
    __aeabi_cdcmple                          0x00001ce9   Thumb Code     0  dleqf.o(x$fpl$dleqf)
    _dcmple                                  0x00001ce9   Thumb Code   120  dleqf.o(x$fpl$dleqf)
    __fpl_dcmple_InfNaN                      0x00001d4b   Thumb Code     0  dleqf.o(x$fpl$dleqf)
    __aeabi_dmul                             0x00001d61   Thumb Code     0  dmul.o(x$fpl$dmul)
    _dmul                                    0x00001d61   Thumb Code   332  dmul.o(x$fpl$dmul)
    __fpl_dnaninf                            0x00001eb5   Thumb Code   156  dnaninf.o(x$fpl$dnaninf)
    __fpl_dretinf                            0x00001f51   Thumb Code    12  dretinf.o(x$fpl$dretinf)
    __aeabi_cdrcmple                         0x00001f5d   Thumb Code     0  drleqf.o(x$fpl$drleqf)
    _drcmple                                 0x00001f5d   Thumb Code   108  drleqf.o(x$fpl$drleqf)
    __aeabi_dsub                             0x00001fc9   Thumb Code     0  daddsub_clz.o(x$fpl$dsub)
    _dsub                                    0x00001fc9   Thumb Code   464  daddsub_clz.o(x$fpl$dsub)
    _fp_init                                 0x0000219d   Thumb Code    10  fpinit.o(x$fpl$fpinit)
    __fplib_config_fpu_vfp                   0x000021a5   Thumb Code     0  fpinit.o(x$fpl$fpinit)
    __fplib_config_pureend_doubles           0x000021a5   Thumb Code     0  fpinit.o(x$fpl$fpinit)
    __I$use$fp                               0x000021a6   Number         0  usenofp.o(x$fpl$usenofp)
    Region$$Table$$Base                      0x00002730   Number         0  anon$$obj.o(Region$$Table)
    Region$$Table$$Limit                     0x00002750   Number         0  anon$$obj.o(Region$$Table)
    wl                                       0x20000004   Data           4  main.o(.data)
    counter                                  0x20000008   Data           4  main.o(.data)
    Wg                                       0x20000010   Data         448  main.o(.data)
    Cg                                       0x200001d0   Data          56  main.o(.data)
    p_max                                    0x20000208   Data           8  main.o(.data)
    prediction                               0x20000210   Data           4  main.o(.data)
    bOut                                     0x20000214   Data           4  main.o(.data)
    r                                        0x20000220   Data          16  main.o(.bss)
    buffer                                   0x20000230   Data          40  main.o(.bss)
    emg0                                     0x20000258   Data         400  main.o(.bss)
    emg1                                     0x200003e8   Data         400  main.o(.bss)
    emg2                                     0x20000578   Data         400  main.o(.bss)
    emg3                                     0x20000708   Data         400  main.o(.bss)
    emg0T                                    0x20000898   Data         400  main.o(.bss)
    emg1T                                    0x20000a28   Data         400  main.o(.bss)
    emg2T                                    0x20000bb8   Data         400  main.o(.bss)
    emg3T                                    0x20000d48   Data         400  main.o(.bss)
    feats                                    0x20000ed8   Data          64  main.o(.bss)
    prob                                     0x20000f18   Data          56  main.o(.bss)
    __libspace_start                         0x20000f50   Data          96  libspace.o(.bss)
    __temporary_stack_top$libspace           0x20000fb0   Data           0  libspace.o(.bss)



==============================================================================

Memory Map of the image

  Image Entry point : 0x0000026d

  Load Region LR_1 (Base: 0x00000000, Size: 0x0000296c, Max: 0xffffffff, ABSOLUTE, COMPRESSED[0x00002954])

    Execution Region ER_RO (Exec base: 0x00000000, Load base: 0x00000000, Size: 0x00002750, Max: 0xffffffff, ABSOLUTE)

    Exec Addr    Load Addr    Size         Type   Attr      Idx    E Section Name        Object

    0x00000000   0x00000000   0x00000288   Code   RO            3  * RESET               startup_rvmdk.o
    0x00000288   0x00000288   0x00000008   Code   RO         1822  * !!!main             c_w.l(__main.o)
    0x00000290   0x00000290   0x00000034   Code   RO         2019    !!!scatter          c_w.l(__scatter.o)
    0x000002c4   0x000002c4   0x00000064   Code   RO         2017    !!dclz77c           c_w.l(__dclz77c.o)
    0x00000328   0x00000328   0x0000001c   Code   RO         2021    !!handler_zi        c_w.l(__scatter_zi.o)
    0x00000344   0x00000344   0x00000000   Code   RO         1815    .ARM.Collect$$_printf_percent$$00000000  c_w.l(_printf_percent.o)
    0x00000344   0x00000344   0x00000006   Code   RO         1814    .ARM.Collect$$_printf_percent$$00000009  c_w.l(_printf_d.o)
    0x0000034a   0x0000034a   0x00000004   Code   RO         1851    .ARM.Collect$$_printf_percent$$00000017  c_w.l(_printf_percent_end.o)
    0x0000034e   0x0000034e   0x00000002   Code   RO         1887    .ARM.Collect$$libinit$$00000000  c_w.l(libinit.o)
    0x00000350   0x00000350   0x00000004   Code   RO         1893    .ARM.Collect$$libinit$$00000001  c_w.l(libinit2.o)
    0x00000354   0x00000354   0x00000000   Code   RO         1896    .ARM.Collect$$libinit$$00000004  c_w.l(libinit2.o)
    0x00000354   0x00000354   0x00000000   Code   RO         1899    .ARM.Collect$$libinit$$0000000A  c_w.l(libinit2.o)
    0x00000354   0x00000354   0x00000000   Code   RO         1901    .ARM.Collect$$libinit$$0000000C  c_w.l(libinit2.o)
    0x00000354   0x00000354   0x00000000   Code   RO         1903    .ARM.Collect$$libinit$$0000000E  c_w.l(libinit2.o)
    0x00000354   0x00000354   0x00000000   Code   RO         1906    .ARM.Collect$$libinit$$00000011  c_w.l(libinit2.o)
    0x00000354   0x00000354   0x00000000   Code   RO         1908    .ARM.Collect$$libinit$$00000013  c_w.l(libinit2.o)
    0x00000354   0x00000354   0x00000000   Code   RO         1910    .ARM.Collect$$libinit$$00000015  c_w.l(libinit2.o)
    0x00000354   0x00000354   0x00000000   Code   RO         1912    .ARM.Collect$$libinit$$00000017  c_w.l(libinit2.o)
    0x00000354   0x00000354   0x00000000   Code   RO         1914    .ARM.Collect$$libinit$$00000019  c_w.l(libinit2.o)
    0x00000354   0x00000354   0x00000000   Code   RO         1916    .ARM.Collect$$libinit$$0000001B  c_w.l(libinit2.o)
    0x00000354   0x00000354   0x00000000   Code   RO         1918    .ARM.Collect$$libinit$$0000001D  c_w.l(libinit2.o)
    0x00000354   0x00000354   0x00000000   Code   RO         1920    .ARM.Collect$$libinit$$0000001F  c_w.l(libinit2.o)
    0x00000354   0x00000354   0x00000000   Code   RO         1922    .ARM.Collect$$libinit$$00000021  c_w.l(libinit2.o)
    0x00000354   0x00000354   0x00000000   Code   RO         1924    .ARM.Collect$$libinit$$00000023  c_w.l(libinit2.o)
    0x00000354   0x00000354   0x00000000   Code   RO         1926    .ARM.Collect$$libinit$$00000025  c_w.l(libinit2.o)
    0x00000354   0x00000354   0x00000000   Code   RO         1930    .ARM.Collect$$libinit$$0000002C  c_w.l(libinit2.o)
    0x00000354   0x00000354   0x00000000   Code   RO         1932    .ARM.Collect$$libinit$$0000002E  c_w.l(libinit2.o)
    0x00000354   0x00000354   0x00000000   Code   RO         1934    .ARM.Collect$$libinit$$00000030  c_w.l(libinit2.o)
    0x00000354   0x00000354   0x00000000   Code   RO         1936    .ARM.Collect$$libinit$$00000032  c_w.l(libinit2.o)
    0x00000354   0x00000354   0x00000002   Code   RO         1937    .ARM.Collect$$libinit$$00000033  c_w.l(libinit2.o)
    0x00000356   0x00000356   0x00000002   Code   RO         1957    .ARM.Collect$$libshutdown$$00000000  c_w.l(libshutdown.o)
    0x00000358   0x00000358   0x00000000   Code   RO         1970    .ARM.Collect$$libshutdown$$00000002  c_w.l(libshutdown2.o)
    0x00000358   0x00000358   0x00000000   Code   RO         1972    .ARM.Collect$$libshutdown$$00000004  c_w.l(libshutdown2.o)
    0x00000358   0x00000358   0x00000000   Code   RO         1975    .ARM.Collect$$libshutdown$$00000007  c_w.l(libshutdown2.o)
    0x00000358   0x00000358   0x00000000   Code   RO         1978    .ARM.Collect$$libshutdown$$0000000A  c_w.l(libshutdown2.o)
    0x00000358   0x00000358   0x00000000   Code   RO         1980    .ARM.Collect$$libshutdown$$0000000C  c_w.l(libshutdown2.o)
    0x00000358   0x00000358   0x00000000   Code   RO         1983    .ARM.Collect$$libshutdown$$0000000F  c_w.l(libshutdown2.o)
    0x00000358   0x00000358   0x00000002   Code   RO         1984    .ARM.Collect$$libshutdown$$00000010  c_w.l(libshutdown2.o)
    0x0000035a   0x0000035a   0x00000000   Code   RO         1844    .ARM.Collect$$rtentry$$00000000  c_w.l(__rtentry.o)
    0x0000035a   0x0000035a   0x00000000   Code   RO         1860    .ARM.Collect$$rtentry$$00000002  c_w.l(__rtentry2.o)
    0x0000035a   0x0000035a   0x00000006   Code   RO         1872    .ARM.Collect$$rtentry$$00000004  c_w.l(__rtentry4.o)
    0x00000360   0x00000360   0x00000000   Code   RO         1862    .ARM.Collect$$rtentry$$00000009  c_w.l(__rtentry2.o)
    0x00000360   0x00000360   0x00000004   Code   RO         1863    .ARM.Collect$$rtentry$$0000000A  c_w.l(__rtentry2.o)
    0x00000364   0x00000364   0x00000000   Code   RO         1865    .ARM.Collect$$rtentry$$0000000C  c_w.l(__rtentry2.o)
    0x00000364   0x00000364   0x00000008   Code   RO         1866    .ARM.Collect$$rtentry$$0000000D  c_w.l(__rtentry2.o)
    0x0000036c   0x0000036c   0x00000002   Code   RO         1891    .ARM.Collect$$rtexit$$00000000  c_w.l(rtexit.o)
    0x0000036e   0x0000036e   0x00000000   Code   RO         1939    .ARM.Collect$$rtexit$$00000002  c_w.l(rtexit2.o)
    0x0000036e   0x0000036e   0x00000004   Code   RO         1940    .ARM.Collect$$rtexit$$00000003  c_w.l(rtexit2.o)
    0x00000372   0x00000372   0x00000006   Code   RO         1941    .ARM.Collect$$rtexit$$00000004  c_w.l(rtexit2.o)
    0x00000378   0x00000378   0x00000006   Code   RO          889    .emb_text           driverlib.lib(sysctl.o)
    0x0000037e   0x0000037e   0x00000002   PAD
    0x00000380   0x00000380   0x00000026   Code   RO         1774    .emb_text           driverlib.lib(cpu.o)
    0x000003a6   0x000003a6   0x00000002   PAD
    0x000003a8   0x000003a8   0x00000018   Code   RO            4    .text               startup_rvmdk.o
    0x000003c0   0x000003c0   0x00000028   Code   RO         1788    .text               c_w.l(noretval__2sprintf.o)
    0x000003e8   0x000003e8   0x00000068   Code   RO         1790    .text               c_w.l(__printf.o)
    0x00000450   0x00000450   0x00000078   Code   RO         1792    .text               c_w.l(_printf_dec.o)
    0x000004c8   0x000004c8   0x00000064   Code   RO         1816    .text               c_w.l(rt_memcpy_w.o)
    0x0000052c   0x0000052c   0x0000004e   Code   RO         1818    .text               c_w.l(rt_memclr_w.o)
    0x0000057a   0x0000057a   0x00000006   Code   RO         1820    .text               c_w.l(heapauxi.o)
    0x00000580   0x00000580   0x000000b2   Code   RO         1845    .text               c_w.l(_printf_intcommon.o)
    0x00000632   0x00000632   0x00000002   PAD
    0x00000634   0x00000634   0x00000030   Code   RO         1847    .text               c_w.l(_printf_char_common.o)
    0x00000664   0x00000664   0x0000000a   Code   RO         1849    .text               c_w.l(_sputc.o)
    0x0000066e   0x0000066e   0x0000004a   Code   RO         1878    .text               c_w.l(sys_stackheap_outer.o)
    0x000006b8   0x000006b8   0x00000012   Code   RO         1880    .text               c_w.l(exit.o)
    0x000006ca   0x000006ca   0x00000002   PAD
    0x000006cc   0x000006cc   0x00000008   Code   RO         1888    .text               c_w.l(libspace.o)
    0x000006d4   0x000006d4   0x0000000c   Code   RO         1949    .text               c_w.l(sys_exit.o)
    0x000006e0   0x000006e0   0x00000002   Code   RO         1960    .text               c_w.l(use_no_semi.o)
    0x000006e2   0x000006e2   0x00000000   Code   RO         1962    .text               c_w.l(indicate_semi.o)
    0x000006e2   0x000006e2   0x00000002   PAD
    0x000006e4   0x000006e4   0x00000108   Code   RO           11    i.ADC1_Handler      main.o
    0x000007ec   0x000007ec   0x0000000a   Code   RO          205    i.ADCIntClear       driverlib.lib(adc.o)
    0x000007f6   0x000007f6   0x00000008   Code   RO          210    i.ADCIntEnableEx    driverlib.lib(adc.o)
    0x000007fe   0x000007fe   0x00000060   Code   RO          220    i.ADCSequenceConfigure  driverlib.lib(adc.o)
    0x0000085e   0x0000085e   0x00000024   Code   RO          223    i.ADCSequenceDataGet  driverlib.lib(adc.o)
    0x00000882   0x00000882   0x00000010   Code   RO          224    i.ADCSequenceDisable  driverlib.lib(adc.o)
    0x00000892   0x00000892   0x0000000e   Code   RO          225    i.ADCSequenceEnable  driverlib.lib(adc.o)
    0x000008a0   0x000008a0   0x0000009a   Code   RO          228    i.ADCSequenceStepConfigure  driverlib.lib(adc.o)
    0x0000093a   0x0000093a   0x00000028   Code   RO          471    i.GPIODirModeSet    driverlib.lib(gpio.o)
    0x00000962   0x00000962   0x00000138   Code   RO          483    i.GPIOPadConfigSet  driverlib.lib(gpio.o)
    0x00000a9a   0x00000a9a   0x00000002   PAD
    0x00000a9c   0x00000a9c   0x00000044   Code   RO          484    i.GPIOPinConfigure  driverlib.lib(gpio.o)
    0x00000ae0   0x00000ae0   0x00000006   Code   RO          485    i.GPIOPinRead       driverlib.lib(gpio.o)
    0x00000ae6   0x00000ae6   0x0000001c   Code   RO          486    i.GPIOPinTypeADC    driverlib.lib(gpio.o)
    0x00000b02   0x00000b02   0x0000001c   Code   RO          494    i.GPIOPinTypeGPIOInput  driverlib.lib(gpio.o)
    0x00000b1e   0x00000b1e   0x0000001c   Code   RO          495    i.GPIOPinTypeGPIOOutput  driverlib.lib(gpio.o)
    0x00000b3a   0x00000b3a   0x0000001c   Code   RO          507    i.GPIOPinTypeUART   driverlib.lib(gpio.o)
    0x00000b56   0x00000b56   0x00000006   Code   RO          513    i.GPIOPinWrite      driverlib.lib(gpio.o)
    0x00000b5c   0x00000b5c   0x000000e0   Code   RO           12    i.Init_ADC          main.o
    0x00000c3c   0x00000c3c   0x00000050   Code   RO           13    i.Init_Buttons      main.o
    0x00000c8c   0x00000c8c   0x00000044   Code   RO           14    i.Init_Timer        main.o
    0x00000cd0   0x00000cd0   0x00000048   Code   RO           15    i.Init_UART         main.o
    0x00000d18   0x00000d18   0x00000064   Code   RO          774    i.IntEnable         driverlib.lib(interrupt.o)
    0x00000d7c   0x00000d7c   0x0000000e   Code   RO          777    i.IntMasterEnable   driverlib.lib(interrupt.o)
    0x00000d8a   0x00000d8a   0x00000002   PAD
    0x00000d8c   0x00000d8c   0x0000001c   Code   RO          782    i.IntPriorityGroupingSet  driverlib.lib(interrupt.o)
    0x00000da8   0x00000da8   0x00000028   Code   RO          785    i.IntPrioritySet    driverlib.lib(interrupt.o)
    0x00000dd0   0x00000dd0   0x00000154   Code   RO          892    i.SysCtlClockGet    driverlib.lib(sysctl.o)
    0x00000f24   0x00000f24   0x00000120   Code   RO          894    i.SysCtlClockSet    driverlib.lib(sysctl.o)
    0x00001044   0x00001044   0x00000028   Code   RO          923    i.SysCtlPeripheralEnable  driverlib.lib(sysctl.o)
    0x0000106c   0x0000106c   0x0000065c   Code   RO           16    i.Timer1A_Handler   main.o
    0x000016c8   0x000016c8   0x00000060   Code   RO         1241    i.TimerConfigure    driverlib.lib(timer.o)
    0x00001728   0x00001728   0x00000050   Code   RO         1245    i.TimerControlTrigger  driverlib.lib(timer.o)
    0x00001778   0x00001778   0x0000000e   Code   RO         1250    i.TimerEnable       driverlib.lib(timer.o)
    0x00001786   0x00001786   0x00000004   Code   RO         1251    i.TimerIntClear     driverlib.lib(timer.o)
    0x0000178a   0x0000178a   0x00000008   Code   RO         1253    i.TimerIntEnable    driverlib.lib(timer.o)
    0x00001792   0x00001792   0x00000012   Code   RO         1259    i.TimerLoadSet      driverlib.lib(timer.o)
    0x000017a4   0x000017a4   0x0000000c   Code   RO         1487    i.UARTCharPut       driverlib.lib(uart.o)
    0x000017b0   0x000017b0   0x0000006e   Code   RO         1493    i.UARTConfigSetExpClk  driverlib.lib(uart.o)
    0x0000181e   0x0000181e   0x00000002   PAD
    0x00001820   0x00001820   0x00000014   Code   RO           18    i.UART_OutChar      main.o
    0x00001834   0x00001834   0x00000016   Code   RO           19    i.UART_OutString    main.o
    0x0000184a   0x0000184a   0x00000002   PAD
    0x0000184c   0x0000184c   0x00000030   Code   RO           25    i.main              main.o
    0x0000187c   0x0000187c   0x00000150   Code   RO         1824    x$fpl$dadd          fz_wm.l(daddsub_clz.o)
    0x000019cc   0x000019cc   0x00000018   Code   RO         1876    x$fpl$dcmpinf       fz_wm.l(dcmpi.o)
    0x000019e4   0x000019e4   0x000002b0   Code   RO         1831    x$fpl$ddiv          fz_wm.l(ddiv.o)
    0x00001c94   0x00001c94   0x0000002e   Code   RO         1835    x$fpl$dflt          fz_wm.l(dflt_clz.o)
    0x00001cc2   0x00001cc2   0x00000026   Code   RO         1834    x$fpl$dfltu         fz_wm.l(dflt_clz.o)
    0x00001ce8   0x00001ce8   0x00000078   Code   RO         1852    x$fpl$dleqf         fz_wm.l(dleqf.o)
    0x00001d60   0x00001d60   0x00000154   Code   RO         1840    x$fpl$dmul          fz_wm.l(dmul.o)
    0x00001eb4   0x00001eb4   0x0000009c   Code   RO         1854    x$fpl$dnaninf       fz_wm.l(dnaninf.o)
    0x00001f50   0x00001f50   0x0000000c   Code   RO         1856    x$fpl$dretinf       fz_wm.l(dretinf.o)
    0x00001f5c   0x00001f5c   0x0000006c   Code   RO         1842    x$fpl$drleqf        fz_wm.l(drleqf.o)
    0x00001fc8   0x00001fc8   0x000001d4   Code   RO         1826    x$fpl$dsub          fz_wm.l(daddsub_clz.o)
    0x0000219c   0x0000219c   0x0000000a   Code   RO         1947    x$fpl$fpinit        fz_wm.l(fpinit.o)
    0x000021a6   0x000021a6   0x00000000   Code   RO         1858    x$fpl$usenofp       fz_wm.l(usenofp.o)
    0x000021a6   0x000021a6   0x00000002   PAD
    0x000021a8   0x000021a8   0x00000228   Data   RO          515    .constdata          driverlib.lib(gpio.o)
    0x000023d0   0x000023d0   0x0000010c   Data   RO          790    .constdata          driverlib.lib(interrupt.o)
    0x000024dc   0x000024dc   0x00000254   Data   RO          945    .constdata          driverlib.lib(sysctl.o)
    0x00002730   0x00002730   0x00000020   Data   RO         2015    Region$$Table       anon$$obj.o


    Execution Region ER_RW (Exec base: 0x20000000, Load base: 0x00002750, Size: 0x0000021c, Max: 0xffffffff, ABSOLUTE, COMPRESSED[0x00000204])

    Exec Addr    Load Addr    Size         Type   Attr      Idx    E Section Name        Object

    0x20000000   COMPRESSED   0x00000219   Data   RW           29    .data               main.o


    Execution Region ER_ZI (Exec base: 0x2000021c, Load base: 0x00002954, Size: 0x00000e94, Max: 0xffffffff, ABSOLUTE)

    Exec Addr    Load Addr    Size         Type   Attr      Idx    E Section Name        Object

    0x2000021c   0x00002954   0x00000004   PAD
    0x20000220        -       0x00000d30   Zero   RW           26    .bss                main.o
    0x20000f50        -       0x00000060   Zero   RW         1889    .bss                c_w.l(libspace.o)
    0x20000fb0        -       0x00000000   Zero   RW            2    HEAP                startup_rvmdk.o
    0x20000fb0        -       0x00000100   Zero   RW            1    STACK               startup_rvmdk.o


==============================================================================

Image component sizes


      Code (inc. data)   RO Data    RW Data    ZI Data      Debug   Object Name

      2426        232          0        537       3376      13819   main.o
       672        636          0          0        256        580   startup_rvmdk.o

    ----------------------------------------------------------------------
      3100        868         32        540       3636      14399   Object Totals
         0          0         32          0          0          0   (incl. Generated)
         2          0          0          3          4          0   (incl. Padding)

    ----------------------------------------------------------------------

      Code (inc. data)   RO Data    RW Data    ZI Data      Debug   Library Member Name

       100          0          0          0          0          0   __dclz77c.o
         8          0          0          0          0         68   __main.o
       104          0          0          0          0         84   __printf.o
         0          0          0          0          0          0   __rtentry.o
        12          0          0          0          0          0   __rtentry2.o
         6          0          0          0          0          0   __rtentry4.o
        52          8          0          0          0          0   __scatter.o
        28          0          0          0          0          0   __scatter_zi.o
        48          6          0          0          0         96   _printf_char_common.o
         6          0          0          0          0          0   _printf_d.o
       120         16          0          0          0         92   _printf_dec.o
       178          0          0          0          0         88   _printf_intcommon.o
         0          0          0          0          0          0   _printf_percent.o
         4          0          0          0          0          0   _printf_percent_end.o
        10          0          0          0          0         68   _sputc.o
        18          0          0          0          0         80   exit.o
         6          0          0          0          0        152   heapauxi.o
         0          0          0          0          0          0   indicate_semi.o
         2          0          0          0          0          0   libinit.o
         6          0          0          0          0          0   libinit2.o
         2          0          0          0          0          0   libshutdown.o
         2          0          0          0          0          0   libshutdown2.o
         8          4          0          0         96         68   libspace.o
        40          6          0          0          0         84   noretval__2sprintf.o
        78          0          0          0          0         80   rt_memclr_w.o
       100          0          0          0          0         80   rt_memcpy_w.o
         2          0          0          0          0          0   rtexit.o
        10          0          0          0          0          0   rtexit2.o
        12          4          0          0          0         68   sys_exit.o
        74          0          0          0          0         80   sys_stackheap_outer.o
         2          0          0          0          0         68   use_no_semi.o
       334          0          0          0          0       5167   adc.o
        38          0          0          0          0        544   cpu.o
       544          8        552          0          0       6558   gpio.o
       182         20        268          0          0       3016   interrupt.o
       674         58        596          0          0       4571   sysctl.o
       220         18          0          0          0       3373   timer.o
       122          0          0          0          0       2145   uart.o
       804         16          0          0          0        368   daddsub_clz.o
        24          0          0          0          0        116   dcmpi.o
       688        140          0          0          0        256   ddiv.o
        84          0          0          0          0        232   dflt_clz.o
       120          4          0          0          0        140   dleqf.o
       340         12          0          0          0        152   dmul.o
       156          4          0          0          0        140   dnaninf.o
        12          0          0          0          0        116   dretinf.o
       108          0          0          0          0        128   drleqf.o
        10          0          0          0          0        116   fpinit.o
         0          0          0          0          0          0   usenofp.o

    ----------------------------------------------------------------------
      5516        324       1416          0         96      28394   Library Totals
        18          0          0          0          0          0   (incl. Padding)

    ----------------------------------------------------------------------

      Code (inc. data)   RO Data    RW Data    ZI Data      Debug   Library Name

      1038         44          0          0         96       1256   c_w.l
      2114        104       1416          0          0      25374   driverlib.lib
      2346        176          0          0          0       1764   fz_wm.l

    ----------------------------------------------------------------------
      5516        324       1416          0         96      28394   Library Totals

    ----------------------------------------------------------------------

==============================================================================


      Code (inc. data)   RO Data    RW Data    ZI Data      Debug   

      8616       1192       1448        540       3732      37521   Grand Totals
      8616       1192       1448        516       3732      37521   ELF Image Totals (compressed)
      8616       1192       1448        516          0          0   ROM Totals

==============================================================================

    Total RO  Size (Code + RO Data)                10064 (   9.83kB)
    Total RW  Size (RW Data + ZI Data)              4272 (   4.17kB)
    Total ROM Size (Code + RO Data + RW Data)      10580 (  10.33kB)

==============================================================================

